Modules list:
-------------
main.o:
    CODE              Offs=000000  Size=00012A  Align=00001  Fill=0000
    BSS               Offs=000000  Size=000003  Align=00001  Fill=0000
    DATA              Offs=000000  Size=000020  Align=00001  Fill=0000
result_screen.o:
    CODE              Offs=00012A  Size=0000FB  Align=00001  Fill=0000
    RODATA            Offs=000000  Size=00004F  Align=00001  Fill=0000
    BSS               Offs=000003  Size=000017  Align=00001  Fill=0000
title_screen.o:
    CODE              Offs=000225  Size=0003D7  Align=00001  Fill=0000
    RODATA            Offs=00004F  Size=00001A  Align=00001  Fill=0000
    BSS               Offs=00001A  Size=000084  Align=00001  Fill=0000
    DATA              Offs=000020  Size=00001D  Align=00001  Fill=0000
game.o:
    CODE              Offs=0005FC  Size=000DC5  Align=00001  Fill=0000
    RODATA            Offs=000069  Size=00000C  Align=00001  Fill=0000
    BSS               Offs=00009E  Size=000450  Align=00001  Fill=0000
    DATA              Offs=00003D  Size=000042  Align=00001  Fill=0000
soundbs.o:
    CODE              Offs=0013C1  Size=0008B6  Align=00001  Fill=0000
    RODATA            Offs=000075  Size=000108  Align=00001  Fill=0000
    APPZP             Offs=000000  Size=000007  Align=00001  Fill=0000
it_dont_fit_well.o:
    RODATA            Offs=00017D  Size=00026E  Align=00001  Fill=0000
title01.o:
    RODATA            Offs=0003EB  Size=0000F0  Align=00001  Fill=0000
title02.o:
    RODATA            Offs=0004DB  Size=0000AC  Align=00001  Fill=0000
title03.o:
    RODATA            Offs=000587  Size=000130  Align=00001  Fill=0000
title04.o:
    RODATA            Offs=0006B7  Size=00006B  Align=00001  Fill=0000
title05.o:
    RODATA            Offs=000722  Size=0000B7  Align=00001  Fill=0000
title06.o:
    RODATA            Offs=0007D9  Size=00006E  Align=00001  Fill=0000
knight_run0.o:
    RODATA            Offs=000847  Size=0000BC  Align=00001  Fill=0000
knight_run1.o:
    RODATA            Offs=000903  Size=0000BD  Align=00001  Fill=0000
knight_run2.o:
    RODATA            Offs=0009C0  Size=0000BA  Align=00001  Fill=0000
knight_run3.o:
    RODATA            Offs=000A7A  Size=0000B8  Align=00001  Fill=0000
knight_hit.o:
    RODATA            Offs=000B32  Size=0000BA  Align=00001  Fill=0000
floor_1.o:
    RODATA            Offs=000BEC  Size=000050  Align=00001  Fill=0000
floor_2.o:
    RODATA            Offs=000C3C  Size=00006F  Align=00001  Fill=0000
floor_3.o:
    RODATA            Offs=000CAB  Size=000061  Align=00001  Fill=0000
floor_4.o:
    RODATA            Offs=000D0C  Size=000067  Align=00001  Fill=0000
floor_spikes.o:
    RODATA            Offs=000D73  Size=00007F  Align=00001  Fill=0000
C:\dev\cc65\lib/lynx.lib(_hextab.o):
    RODATA            Offs=000DF2  Size=000010  Align=00001  Fill=0000
C:\dev\cc65\lib/lynx.lib(addysp.o):
    CODE              Offs=001C77  Size=00000E  Align=00001  Fill=0000
C:\dev\cc65\lib/lynx.lib(aslax1.o):
    CODE              Offs=001C85  Size=000008  Align=00001  Fill=0000
C:\dev\cc65\lib/lynx.lib(aslax4.o):
    CODE              Offs=001C8D  Size=000011  Align=00001  Fill=0000
C:\dev\cc65\lib/lynx.lib(asrax4.o):
    CODE              Offs=001C9E  Size=000019  Align=00001  Fill=0000
C:\dev\cc65\lib/lynx.lib(bllhdr.o):
    BLLHDR            Offs=000000  Size=00000A  Align=00001  Fill=0000
C:\dev\cc65\lib/lynx.lib(bneg.o):
    CODE              Offs=001CB7  Size=00000E  Align=00001  Fill=0000
C:\dev\cc65\lib/lynx.lib(callirq.o):
    DATA              Offs=00007F  Size=00001E  Align=00001  Fill=0000
C:\dev\cc65\lib/lynx.lib(callmain.o):
    CODE              Offs=001CC5  Size=000017  Align=00001  Fill=0000
    DATA              Offs=00009D  Size=000004  Align=00001  Fill=0000
C:\dev\cc65\lib/lynx.lib(cgetc.o):
    CODE              Offs=001CDC  Size=000053  Align=00001  Fill=0000
C:\dev\cc65\lib/lynx.lib(condes.o):
    CODE              Offs=001D2F  Size=00000C  Align=00001  Fill=0000
    DATA              Offs=0000A1  Size=000025  Align=00001  Fill=0000
    ONCE              Offs=000000  Size=00000C  Align=00001  Fill=0000
C:\dev\cc65\lib/lynx.lib(crt0.o):
    RODATA            Offs=000E02  Size=00002C  Align=00001  Fill=0000
    STARTUP           Offs=000000  Size=00006D  Align=00001  Fill=0000
C:\dev\cc65\lib/lynx.lib(decax1.o):
    CODE              Offs=001D3B  Size=000007  Align=00001  Fill=0000
C:\dev\cc65\lib/lynx.lib(decaxy.o):
    CODE              Offs=001D42  Size=000009  Align=00001  Fill=0000
C:\dev\cc65\lib/lynx.lib(extzp.o):
    EXTZP             Offs=000000  Size=000011  Align=00001  Fill=0000
C:\dev\cc65\lib/lynx.lib(imul16x16r32.o):
    CODE              Offs=001D4B  Size=00002B  Align=00001  Fill=0000
C:\dev\cc65\lib/lynx.lib(incaxy.o):
    CODE              Offs=001D76  Size=00000B  Align=00001  Fill=0000
C:\dev\cc65\lib/lynx.lib(incsp2.o):
    CODE              Offs=001D81  Size=000015  Align=00001  Fill=0000
C:\dev\cc65\lib/lynx.lib(irq.o):
    CODE              Offs=001D96  Size=000001  Align=00001  Fill=0000
    ONCE              Offs=00000C  Size=00000D  Align=00001  Fill=0000
    LOWCODE           Offs=000000  Size=000010  Align=00001  Fill=0000
C:\dev\cc65\lib/lynx.lib(itoa.o):
    CODE              Offs=001D97  Size=000094  Align=00001  Fill=0000
    RODATA            Offs=000E2E  Size=000007  Align=00001  Fill=0000
C:\dev\cc65\lib/lynx.lib(joy-kernel.o):
    CODE              Offs=001E2B  Size=00004D  Align=00001  Fill=0000
    RODATA            Offs=000E35  Size=000004  Align=00001  Fill=0000
    BSS               Offs=0004EE  Size=000002  Align=00001  Fill=0000
    DATA              Offs=0000C6  Size=00000C  Align=00001  Fill=0000
C:\dev\cc65\lib/lynx.lib(joy_read.o):
C:\dev\cc65\lib/lynx.lib(joy_stat_stddrv.o):
C:\dev\cc65\lib/lynx.lib(kbhit.o):
    CODE              Offs=001E78  Size=000038  Align=00001  Fill=0000
    DATA              Offs=0000D2  Size=000006  Align=00001  Fill=0000
C:\dev\cc65\lib/lynx.lib(ldaxi.o):
    CODE              Offs=001EB0  Size=00000D  Align=00001  Fill=0000
C:\dev\cc65\lib/lynx.lib(ldaxsp.o):
    CODE              Offs=001EBD  Size=000009  Align=00001  Fill=0000
C:\dev\cc65\lib/lynx.lib(libref.o):
C:\dev\cc65\lib/lynx.lib(lneg.o):
    CODE              Offs=001EC6  Size=00001E  Align=00001  Fill=0000
C:\dev\cc65\lib/lynx.lib(memcpy.o):
    CODE              Offs=001EE4  Size=00003C  Align=00001  Fill=0000
C:\dev\cc65\lib/lynx.lib(mod.o):
    CODE              Offs=001F20  Size=000011  Align=00001  Fill=0000
C:\dev\cc65\lib/lynx.lib(mul.o):
    CODE              Offs=001F31  Size=000045  Align=00001  Fill=0000
C:\dev\cc65\lib/lynx.lib(mul8.o):
    CODE              Offs=001F76  Size=00003A  Align=00001  Fill=0000
C:\dev\cc65\lib/lynx.lib(negabs.o):
    CODE              Offs=001FB0  Size=000012  Align=00001  Fill=0000
C:\dev\cc65\lib/lynx.lib(popa.o):
    CODE              Offs=001FC2  Size=00000A  Align=00001  Fill=0000
C:\dev\cc65\lib/lynx.lib(popptr1.o):
    CODE              Offs=001FCC  Size=00000E  Align=00001  Fill=0000
C:\dev\cc65\lib/lynx.lib(pusha.o):
    CODE              Offs=001FDA  Size=000016  Align=00001  Fill=0000
C:\dev\cc65\lib/lynx.lib(pushax.o):
    CODE              Offs=001FF0  Size=00001A  Align=00001  Fill=0000
C:\dev\cc65\lib/lynx.lib(rand.o):
    CODE              Offs=00200A  Size=000034  Align=00001  Fill=0000
    DATA              Offs=0000D8  Size=000004  Align=00001  Fill=0000
C:\dev\cc65\lib/lynx.lib(shelp.o):
    CODE              Offs=00203E  Size=000020  Align=00001  Fill=0000
C:\dev\cc65\lib/lynx.lib(shrax4.o):
    CODE              Offs=00205E  Size=000011  Align=00001  Fill=0000
C:\dev\cc65\lib/lynx.lib(staxspi.o):
    CODE              Offs=00206F  Size=00001A  Align=00001  Fill=0000
C:\dev\cc65\lib/lynx.lib(strlen.o):
    CODE              Offs=002089  Size=000016  Align=00001  Fill=0000
C:\dev\cc65\lib/lynx.lib(sub.o):
    CODE              Offs=00209F  Size=000014  Align=00001  Fill=0000
C:\dev\cc65\lib/lynx.lib(tgi-kernel.o):
    CODE              Offs=0020B3  Size=00007F  Align=00001  Fill=0000
    RODATA            Offs=000E39  Size=000004  Align=00001  Fill=0000
    BSS               Offs=0004F0  Size=000028  Align=00001  Fill=0000
    DATA              Offs=0000DC  Size=000039  Align=00001  Fill=0000
C:\dev\cc65\lib/lynx.lib(tgi_clear.o):
C:\dev\cc65\lib/lynx.lib(tgi_clippedline.o):
    CODE              Offs=002132  Size=0001E3  Align=00001  Fill=0000
    BSS               Offs=000518  Size=000008  Align=00001  Fill=0000
C:\dev\cc65\lib/lynx.lib(tgi_colors.o):
C:\dev\cc65\lib/lynx.lib(tgi_curtoxy.o):
    CODE              Offs=002315  Size=000015  Align=00001  Fill=0000
C:\dev\cc65\lib/lynx.lib(tgi_done.o):
    CODE              Offs=00232A  Size=00000E  Align=00001  Fill=0000
C:\dev\cc65\lib/lynx.lib(tgi_gettextwidth.o):
    CODE              Offs=002338  Size=000057  Align=00001  Fill=0000
C:\dev\cc65\lib/lynx.lib(tgi_getxres.o):
    CODE              Offs=00238F  Size=000007  Align=00001  Fill=0000
C:\dev\cc65\lib/lynx.lib(tgi_getyres.o):
    CODE              Offs=002396  Size=000007  Align=00001  Fill=0000
C:\dev\cc65\lib/lynx.lib(tgi_imulround.o):
    CODE              Offs=00239D  Size=000025  Align=00001  Fill=0000
C:\dev\cc65\lib/lynx.lib(tgi_init.o):
    CODE              Offs=0023C2  Size=000058  Align=00001  Fill=0000
C:\dev\cc65\lib/lynx.lib(tgi_ioctl.o):
    CODE              Offs=00241A  Size=00000A  Align=00001  Fill=0000
C:\dev\cc65\lib/lynx.lib(tgi_irq.o):
    DATA              Offs=000115  Size=000003  Align=00001  Fill=0000
C:\dev\cc65\lib/lynx.lib(tgi_outcode.o):
    CODE              Offs=002424  Size=000041  Align=00001  Fill=0000
    BSS               Offs=000520  Size=000008  Align=00001  Fill=0000
C:\dev\cc65\lib/lynx.lib(tgi_outtext.o):
    CODE              Offs=002465  Size=000091  Align=00001  Fill=0000
C:\dev\cc65\lib/lynx.lib(tgi_outtextxy.o):
    CODE              Offs=0024F6  Size=000021  Align=00001  Fill=0000
C:\dev\cc65\lib/lynx.lib(tgi_setcolor.o):
    CODE              Offs=002517  Size=000013  Align=00001  Fill=0000
C:\dev\cc65\lib/lynx.lib(tgi_setpalette.o):
    CODE              Offs=00252A  Size=000007  Align=00001  Fill=0000
C:\dev\cc65\lib/lynx.lib(tgi_settextstyle.o):
    CODE              Offs=002531  Size=000042  Align=00001  Fill=0000
C:\dev\cc65\lib/lynx.lib(tgi_stat_stddrv.o):
C:\dev\cc65\lib/lynx.lib(tgi_vectorchar.o):
    CODE              Offs=002573  Size=0000D5  Align=00001  Fill=0000
    BSS               Offs=000528  Size=000008  Align=00001  Fill=0000
C:\dev\cc65\lib/lynx.lib(toascii.o):
    CODE              Offs=002648  Size=000003  Align=00001  Fill=0000
C:\dev\cc65\lib/lynx.lib(udiv.o):
    CODE              Offs=00264B  Size=00004F  Align=00001  Fill=0000
C:\dev\cc65\lib/lynx.lib(udiv32by16r16.o):
    CODE              Offs=00269A  Size=000031  Align=00001  Fill=0000
C:\dev\cc65\lib/lynx.lib(umod.o):
    CODE              Offs=0026CB  Size=000011  Align=00001  Fill=0000
C:\dev\cc65\lib/lynx.lib(umul16x16r32.o):
    CODE              Offs=0026DC  Size=00002C  Align=00001  Fill=0000
C:\dev\cc65\lib/lynx.lib(umul8x16r24.o):
    CODE              Offs=002708  Size=00002B  Align=00001  Fill=0000
C:\dev\cc65\lib/lynx.lib(zerobss.o):
    CODE              Offs=002733  Size=000023  Align=00001  Fill=0000
C:\dev\cc65\lib/lynx.lib(zeropage.o):
    ZEROPAGE          Offs=000000  Size=00001A  Align=00001  Fill=0000
C:\dev\cc65\lib/lynx.lib(lynx-stdjoy-joy.o):
    CODE              Offs=002756  Size=000011  Align=00001  Fill=0000
    DATA              Offs=000118  Size=00000E  Align=00001  Fill=0000
C:\dev\cc65\lib/lynx.lib(lynx-160-102-16-tgi.o):
    CODE              Offs=002767  Size=00039E  Align=00001  Fill=0000
    RODATA            Offs=000E3D  Size=000324  Align=00001  Fill=0000
    BSS               Offs=000530  Size=0000BD  Align=00001  Fill=0000
    DATA              Offs=000126  Size=000090  Align=00001  Fill=0000


Segment list:
-------------
Name                   Start     End    Size  Align
----------------------------------------------------
BLLHDR                000000  000009  00000A  00001
ZEROPAGE              000000  000019  00001A  00001
EXTZP                 00001A  00002A  000011  00001
APPZP                 00002B  000031  000007  00001
STARTUP               000400  00046C  00006D  00001
LOWCODE               00046D  00047C  000010  00001
ONCE                  00047D  000497  00001B  00001
CODE                  000498  002F9C  002B05  00001
RODATA                002F9D  004103  001167  00001
DATA                  004104  0042B9  0001B6  00001
BSS                   0042BA  0048A6  0005ED  00001


Exports list by name:
---------------------
KBEDG                     0041D8 RLA    KBSTL                     0041D9 RLA    
SndInit                   001AD3 RLA    SndPauseOff               0020F3 RLA    
SndPauseOn                0020CD RLA    SndStartSound             002032 RLA    
SndStopAll                002092 RLA    __BLLHDR__                000001 REA    
__BSS_LOAD__              0042BA RLA    __BSS_RUN__               0042BA RLA    
__BSS_SIZE__              0005ED REA    __CALLIRQ__               000001 REA    
__CONSTRUCTOR_COUNT__     000001 REA    __CONSTRUCTOR_TABLE__     000496 RLA    
__DESTRUCTOR_COUNT__      000001 REA    __DESTRUCTOR_TABLE__      0040FE RLA    
__INTERRUPTOR_COUNT__     000002 REA    __INTERRUPTOR_TABLE__     004100 RLA    
__MAIN_SIZE__             00B438 REA    __MAIN_START__            000400 RLA    
__STACKSIZE__             000800 REA    __STARTUP__               000001 REA    
__hextab                  003D8F RLA    __iodat                   00001A RLZ    
__iodir                   00001B RLZ    __sprsys                  00001D RLZ    
__viddma                  00001C RLZ    _cgetc                    002174 RLA    
_exit                     000468 RLA    _floor_1                  003B89 RLA    
_floor_2                  003BD9 RLA    _floor_3                  003C48 RLA    
_floor_4                  003CA9 RLA    _floor_spikes             003D10 RLA    
_game                     001773 RLA    _init_music               000500 RLA    
_itoa                     00224D RLA    _joy_install              0022C3 RLA    
_joy_read                 0041D3 REA    _joy_static_stddrv        00421C RLA    
_kbhit                    002310 RLA    _knight_hit               003ACF RLA    
_knight_run0              0037E4 RLA    _knight_run1              0038A0 RLA    
_knight_run2              00395D RLA    _knight_run3              003A17 RLA    
_level                    0042BA RLA    _lynx_160_102_16_tgi      00422A RLA    
_lynx_stdjoy_joy          00421C RLA    _main                     0005B4 RLA    
_memcpy                   00237C RLA    _pause                    00435A RLA    
_rand                     0024AE RLA    _result_screen            0005F4 RLA    
_srand                    0024A2 RLA    _start_music              000503 RLA    
_std_functions            00057F RLA    _strlen                   002521 RLA    
_tgi_charwidth            0047BB RLA    _tgi_clear                0041F2 REA    
_tgi_color                0047B2 RLA    _tgi_colorcount           0047CB RLA    
_tgi_curx                 0047AE RLA    _tgi_cury                 0047B0 RLA    
_tgi_done                 0027C2 RLA    _tgi_error                0047AC RLA    
_tgi_flags                0047D1 RLA    _tgi_font                 0047B3 RLA    
_tgi_fontheight           0047CE RLA    _tgi_fontwidth            0047CD RLA    
_tgi_gettextwidth         0027D0 RLA    _tgi_getxres              002827 RLA    
_tgi_getyres              00282E RLA    _tgi_gmode                0047AD RLA    
_tgi_init                 00285A RLA    _tgi_install              00254B RLA    
_tgi_ioctl                0028B2 RLA    _tgi_outtext              0028FD RLA    
_tgi_outtextxy            00298E RLA    _tgi_setcolor             0029AF RLA    
_tgi_setpalette           0029C2 RLA    _tgi_settextstyle         0029C9 RLA    
_tgi_static_stddrv        00422A RLA    _tgi_textdir              0047B4 RLA    
_tgi_textscaleh           0047BD RLA    _tgi_textscalew           0047B7 RLA    
_tgi_vectorchar           002A4D RLA    _tgi_vectorfont           0047B5 RLA    
_tgi_xmax                 0047C3 RLA    _tgi_xres                 0047C7 RLA    
_tgi_ymax                 0047C5 RLA    _tgi_yres                 0047C9 RLA    
_title01                  003388 RLA    _title02                  003478 RLA    
_title03                  003524 RLA    _title04                  003654 RLA    
_title05                  0036BF RLA    _title06                  003776 RLA    
_title_screen             000A48 RLA    _toascii                  002AE0 RLA    
addysp1                   00210F RLA    aslax1                    00211D RLA    
asrax4                    002136 RLA    bnegax                    00214F RLA    
callirq                   004183 RLA    callmain                  00215D RLA    
decax1                    0021D3 RLA    decaxy                    0021DA RLA    
doneirq                   00222E RLA    donelib                   0021C7 RLA    
imul16x16r32              0021E3 RLA    incaxy                    002210 RLA    
incsp2                    002220 RLA    initirq                   000489 RLA    
initlib                   00047D RLA    irq_done                  00222E  LAI   
irq_init                  000489  LAI   joy_libref                000468 RLA    
joy_read                  0041D3 RLA    ldax0sp                   002355 RLA    
ldaxi                     002348 RLA    ldaxidx                   00234A RLA    
mul8x16                   002410 RLA    mul8x16a                  00241A RLA    
musicptr                  00311A RLA    myhandler                 001A7F  LAI   
negax                     00244C RLA    negeax                    00235E RLA    
popa                      00245A RLA    popax                     002219 RLA    
popptr1                   002464 RLA    popsargsudiv16            0024D6 RLA    
ptr1                      000008 RLZ    ptr2                      00000A RLZ    
ptr3                      00000C RLZ    ptr4                      00000E RLZ    
pusha                     002476 RLA    pusha0                    00248A RLA    
pushax                    00248C RLA    regbank                   000014 RLZ    
shlax4                    002125 RLA    shrax4                    0024F6 RLA    
sp                        000000 RLZ    sreg                      000002 RLZ    
staxspidx                 002507 RLA    tgi_clear                 0041F2 RLA    
tgi_clip_x1               0047DA RLA    tgi_clip_x2               0047DE RLA    
tgi_clip_y1               0047DC RLA    tgi_clip_y2               0047E0 RLA    
tgi_clippedline           00268E RLA    tgi_color_white           00000F REZ    
tgi_control               0041EF RLA    tgi_curtoxy               0027AD RLA    
tgi_done                  0041E9 RLA    tgi_getdefpalette         004204 RLA    
tgi_geterror              0041EC RLA    tgi_imulround             00283C RLA    
tgi_init                  0041E6 RLA    tgi_inv_arg               0025A1 RLA    
tgi_irq                   004219  LAI   tgi_libref                004219 RLA    
tgi_line                  00420D RLA    tgi_outcode               0028BC RLA    
tgi_outtext               004216 RLA    tgi_setcolor              0041FB RLA    
tgi_setdrawpage           0041F8 RLA    tgi_setpalette            0041FE RLA    
tgi_setviewpage           0041F5 RLA    tmp1                      000010 RLZ    
tmp2                      000011 RLZ    tmp3                      000012 RLZ    
tmp4                      000013 RLZ    tosmoda0                  0023B8 RLA    
tossuba0                  002537 RLA    tosumodax                 002B65 RLA    
tosumulax                 0023C9 RLA    udiv16                    002AF4 RLA    
udiv32by16r16             002B32 RLA    umul16x16r32              002B74 RLA    
umul16x16r32m             002B78 RLA    umul8x16r16               002BA0 RLA    
umul8x16r24               002BA0 RLA    zerobss                   002BCB RLA    



Exports list by value:
----------------------
sp                        000000 RLZ    __DESTRUCTOR_COUNT__      000001 REA    
__CONSTRUCTOR_COUNT__     000001 REA    __STARTUP__               000001 REA    
__BLLHDR__                000001 REA    __CALLIRQ__               000001 REA    
sreg                      000002 RLZ    __INTERRUPTOR_COUNT__     000002 REA    
ptr1                      000008 RLZ    ptr2                      00000A RLZ    
ptr3                      00000C RLZ    ptr4                      00000E RLZ    
tgi_color_white           00000F REZ    tmp1                      000010 RLZ    
tmp2                      000011 RLZ    tmp3                      000012 RLZ    
tmp4                      000013 RLZ    regbank                   000014 RLZ    
__iodat                   00001A RLZ    __iodir                   00001B RLZ    
__viddma                  00001C RLZ    __sprsys                  00001D RLZ    
__MAIN_START__            000400 RLA    joy_libref                000468 RLA    
_exit                     000468 RLA    initlib                   00047D RLA    
initirq                   000489 RLA    irq_init                  000489  LAI   
__CONSTRUCTOR_TABLE__     000496 RLA    _init_music               000500 RLA    
_start_music              000503 RLA    _std_functions            00057F RLA    
_main                     0005B4 RLA    __BSS_SIZE__              0005ED REA    
_result_screen            0005F4 RLA    __STACKSIZE__             000800 REA    
_title_screen             000A48 RLA    _game                     001773 RLA    
myhandler                 001A7F  LAI   SndInit                   001AD3 RLA    
SndStartSound             002032 RLA    SndStopAll                002092 RLA    
SndPauseOn                0020CD RLA    SndPauseOff               0020F3 RLA    
addysp1                   00210F RLA    aslax1                    00211D RLA    
shlax4                    002125 RLA    asrax4                    002136 RLA    
bnegax                    00214F RLA    callmain                  00215D RLA    
_cgetc                    002174 RLA    donelib                   0021C7 RLA    
decax1                    0021D3 RLA    decaxy                    0021DA RLA    
imul16x16r32              0021E3 RLA    incaxy                    002210 RLA    
popax                     002219 RLA    incsp2                    002220 RLA    
doneirq                   00222E RLA    irq_done                  00222E  LAI   
_itoa                     00224D RLA    _joy_install              0022C3 RLA    
_kbhit                    002310 RLA    ldaxi                     002348 RLA    
ldaxidx                   00234A RLA    ldax0sp                   002355 RLA    
negeax                    00235E RLA    _memcpy                   00237C RLA    
tosmoda0                  0023B8 RLA    tosumulax                 0023C9 RLA    
mul8x16                   002410 RLA    mul8x16a                  00241A RLA    
negax                     00244C RLA    popa                      00245A RLA    
popptr1                   002464 RLA    pusha                     002476 RLA    
pusha0                    00248A RLA    pushax                    00248C RLA    
_srand                    0024A2 RLA    _rand                     0024AE RLA    
popsargsudiv16            0024D6 RLA    shrax4                    0024F6 RLA    
staxspidx                 002507 RLA    _strlen                   002521 RLA    
tossuba0                  002537 RLA    _tgi_install              00254B RLA    
tgi_inv_arg               0025A1 RLA    tgi_clippedline           00268E RLA    
tgi_curtoxy               0027AD RLA    _tgi_done                 0027C2 RLA    
_tgi_gettextwidth         0027D0 RLA    _tgi_getxres              002827 RLA    
_tgi_getyres              00282E RLA    tgi_imulround             00283C RLA    
_tgi_init                 00285A RLA    _tgi_ioctl                0028B2 RLA    
tgi_outcode               0028BC RLA    _tgi_outtext              0028FD RLA    
_tgi_outtextxy            00298E RLA    _tgi_setcolor             0029AF RLA    
_tgi_setpalette           0029C2 RLA    _tgi_settextstyle         0029C9 RLA    
_tgi_vectorchar           002A4D RLA    _toascii                  002AE0 RLA    
udiv16                    002AF4 RLA    udiv32by16r16             002B32 RLA    
tosumodax                 002B65 RLA    umul16x16r32              002B74 RLA    
umul16x16r32m             002B78 RLA    umul8x16r16               002BA0 RLA    
umul8x16r24               002BA0 RLA    zerobss                   002BCB RLA    
musicptr                  00311A RLA    _title01                  003388 RLA    
_title02                  003478 RLA    _title03                  003524 RLA    
_title04                  003654 RLA    _title05                  0036BF RLA    
_title06                  003776 RLA    _knight_run0              0037E4 RLA    
_knight_run1              0038A0 RLA    _knight_run2              00395D RLA    
_knight_run3              003A17 RLA    _knight_hit               003ACF RLA    
_floor_1                  003B89 RLA    _floor_2                  003BD9 RLA    
_floor_3                  003C48 RLA    _floor_4                  003CA9 RLA    
_floor_spikes             003D10 RLA    __hextab                  003D8F RLA    
__DESTRUCTOR_TABLE__      0040FE RLA    __INTERRUPTOR_TABLE__     004100 RLA    
callirq                   004183 RLA    _joy_read                 0041D3 REA    
joy_read                  0041D3 RLA    KBEDG                     0041D8 RLA    
KBSTL                     0041D9 RLA    tgi_init                  0041E6 RLA    
tgi_done                  0041E9 RLA    tgi_geterror              0041EC RLA    
tgi_control               0041EF RLA    tgi_clear                 0041F2 RLA    
_tgi_clear                0041F2 REA    tgi_setviewpage           0041F5 RLA    
tgi_setdrawpage           0041F8 RLA    tgi_setcolor              0041FB RLA    
tgi_setpalette            0041FE RLA    tgi_getdefpalette         004204 RLA    
tgi_line                  00420D RLA    tgi_outtext               004216 RLA    
tgi_irq                   004219  LAI   tgi_libref                004219 RLA    
_lynx_stdjoy_joy          00421C RLA    _joy_static_stddrv        00421C RLA    
_lynx_160_102_16_tgi      00422A RLA    _tgi_static_stddrv        00422A RLA    
__BSS_RUN__               0042BA RLA    __BSS_LOAD__              0042BA RLA    
_level                    0042BA RLA    _pause                    00435A RLA    
_tgi_error                0047AC RLA    _tgi_gmode                0047AD RLA    
_tgi_curx                 0047AE RLA    _tgi_cury                 0047B0 RLA    
_tgi_color                0047B2 RLA    _tgi_font                 0047B3 RLA    
_tgi_textdir              0047B4 RLA    _tgi_vectorfont           0047B5 RLA    
_tgi_textscalew           0047B7 RLA    _tgi_charwidth            0047BB RLA    
_tgi_textscaleh           0047BD RLA    _tgi_xmax                 0047C3 RLA    
_tgi_ymax                 0047C5 RLA    _tgi_xres                 0047C7 RLA    
_tgi_yres                 0047C9 RLA    _tgi_colorcount           0047CB RLA    
_tgi_fontwidth            0047CD RLA    _tgi_fontheight           0047CE RLA    
_tgi_flags                0047D1 RLA    tgi_clip_x1               0047DA RLA    
tgi_clip_y1               0047DC RLA    tgi_clip_x2               0047DE RLA    
tgi_clip_y2               0047E0 RLA    __MAIN_SIZE__             00B438 REA    



Imports list:
-------------
KBEDG (kbhit.o):
    cgetc.o                   lynx/cgetc.s:9
KBSTL (kbhit.o):
    cgetc.o                   lynx/cgetc.s:10
SndInit (soundbs.o):
    main.o                    main.s:464
SndPauseOff (soundbs.o):
    main.o                    main.s:464
SndPauseOn (soundbs.o):
    main.o                    main.s:464
SndStartSound (soundbs.o):
    main.o                    main.s:464
SndStopAll (soundbs.o):
    game.o                    game.s:2583
__BLLHDR__ (bllhdr.o):
    [linker generated]        C:\dev\cc65\cfg/lynx-bll.cfg:6
__BSS_LOAD__ ([linker generated]):
    bllhdr.o                  lynx/bllhdr.s:6
__BSS_RUN__ ([linker generated]):
    zerobss.o                 common/zerobss.s:8
__BSS_SIZE__ ([linker generated]):
    zerobss.o                 common/zerobss.s:8
__CALLIRQ__ (callirq.o):
    tgi_irq.o                 lynx/tgi_irq.s:11
    soundbs.o                 soundbs.s:176
__CONSTRUCTOR_COUNT__ ([linker generated]):
    condes.o                  runtime/condes.s:18
__CONSTRUCTOR_TABLE__ ([linker generated]):
    condes.o                  runtime/condes.s:18
__DESTRUCTOR_COUNT__ ([linker generated]):
    condes.o                  runtime/condes.s:19
__DESTRUCTOR_TABLE__ ([linker generated]):
    condes.o                  runtime/condes.s:19
__INTERRUPTOR_COUNT__ ([linker generated]):
    callirq.o                 runtime/callirq.s:36
__INTERRUPTOR_TABLE__ ([linker generated]):
    callirq.o                 runtime/callirq.s:36
__MAIN_SIZE__ ([linker generated]):
    crt0.o                    lynx/crt0.s:25
__MAIN_START__ ([linker generated]):
    crt0.o                    lynx/crt0.s:25
    bllhdr.o                  lynx/bllhdr.s:7
__STACKSIZE__ ([linker generated]):
    crt0.o                    lynx/crt0.s:25
    [linker generated]        C:\dev\cc65\cfg/lynx-bll.cfg:11
__STARTUP__ (crt0.o):
    main.o                    main.s:13
__hextab (_hextab.o):
    itoa.o                    common/itoa.s:10
__iodat (extzp.o):
    crt0.o                    lynx/extzp.inc:11
__iodir (extzp.o):
    crt0.o                    lynx/extzp.inc:12
__sprsys (extzp.o):
    lynx-160-102-16-tgi.o     lynx/tgi/../extzp.inc:14
    crt0.o                    lynx/extzp.inc:14
__viddma (extzp.o):
    lynx-160-102-16-tgi.o     lynx/tgi/../extzp.inc:13
    crt0.o                    lynx/extzp.inc:13
_cgetc (cgetc.o):
    main.o                    main.s:22
_exit (crt0.o):
    libref.o                  lynx/libref.s:6
_floor_1 (floor_1.o):
    game.o                    game.s:38
_floor_2 (floor_2.o):
    game.o                    game.s:39
_floor_3 (floor_3.o):
    game.o                    game.s:40
_floor_4 (floor_4.o):
    game.o                    game.s:41
_floor_spikes (floor_spikes.o):
    game.o                    game.s:42
_game (game.o):
    main.o                    main.s:26
_init_music (main.o):
    game.o                    game.s:18
_itoa (itoa.o):
    result_screen.o           result_screen.s:17
_joy_install (joy-kernel.o):
    main.o                    main.s:24
_joy_read (joy_read.o):
    game.o                    game.s:17
    title_screen.o            title_screen.s:18
    result_screen.o           result_screen.s:18
_joy_static_stddrv (joy_stat_stddrv.o):
    main.o                    main.s:23
_kbhit (kbhit.o):
    cgetc.o                   lynx/cgetc.s:8
    main.o                    main.s:21
_knight_hit (knight_hit.o):
    game.o                    game.s:37
_knight_run0 (knight_run0.o):
    game.o                    game.s:33
_knight_run1 (knight_run1.o):
    game.o                    game.s:34
_knight_run2 (knight_run2.o):
    game.o                    game.s:35
_knight_run3 (knight_run3.o):
    game.o                    game.s:36
_level (main.o):
    game.o                    game.s:21
    result_screen.o           result_screen.s:19
_lynx_160_102_16_tgi (lynx-160-102-16-tgi.o):
    tgi_stat_stddrv.o         lynx/tgi_stat_stddrv.s:10
_lynx_stdjoy_joy (lynx-stdjoy-joy.o):
    joy_stat_stddrv.o         lynx/joy_stat_stddrv.s:10
_main (main.o):
    callmain.o                runtime/callmain.s:11
_memcpy (memcpy.o):
    game.o                    game.s:2583
    title_screen.o            title_screen.s:823
_pause (game.o):
    main.o                    main.s:28
_rand (rand.o):
    game.o                    game.s:16
_result_screen (result_screen.o):
    main.o                    main.s:27
_srand (rand.o):
    title_screen.o            title_screen.s:17
_start_music (main.o):
    game.o                    game.s:19
_std_functions (main.o):
    game.o                    game.s:20
    title_screen.o            title_screen.s:26
    result_screen.o           result_screen.s:20
_strlen (strlen.o):
    tgi_gettextwidth.o        tgi/tgi_gettextwidth.s:10
_tgi_charwidth (tgi-kernel.o):
    tgi_gettextwidth.o        /home/runner/work/cc65/cc65/asminc/tgi-kernel.inc:126
_tgi_clear (tgi_clear.o):
    game.o                    game.s:13
    title_screen.o            title_screen.s:13
    result_screen.o           result_screen.s:13
    main.o                    main.s:17
_tgi_color (tgi-kernel.o):
    tgi_setcolor.o            /home/runner/work/cc65/cc65/asminc/tgi-kernel.inc:120
_tgi_colorcount (tgi-kernel.o):
    tgi_setcolor.o            /home/runner/work/cc65/cc65/asminc/tgi-kernel.inc:132
_tgi_curx (tgi-kernel.o):
    tgi_curtoxy.o             /home/runner/work/cc65/cc65/asminc/tgi-kernel.inc:118
    tgi_vectorchar.o          /home/runner/work/cc65/cc65/asminc/tgi-kernel.inc:118
    tgi_outtext.o             /home/runner/work/cc65/cc65/asminc/tgi-kernel.inc:118
    tgi_outtextxy.o           /home/runner/work/cc65/cc65/asminc/tgi-kernel.inc:118
_tgi_cury (tgi-kernel.o):
    tgi_curtoxy.o             /home/runner/work/cc65/cc65/asminc/tgi-kernel.inc:119
    tgi_outtextxy.o           /home/runner/work/cc65/cc65/asminc/tgi-kernel.inc:119
_tgi_done (tgi_done.o):
    tgi_init.o                /home/runner/work/cc65/cc65/asminc/tgi-kernel.inc:193
    tgi-kernel.o              /home/runner/work/cc65/cc65/asminc/tgi-kernel.inc:193
_tgi_error (tgi-kernel.o):
    tgi_init.o                /home/runner/work/cc65/cc65/asminc/tgi-kernel.inc:116
_tgi_flags (tgi-kernel.o):
    tgi_settextstyle.o        /home/runner/work/cc65/cc65/asminc/tgi-kernel.inc:137
_tgi_font (tgi-kernel.o):
    tgi_gettextwidth.o        /home/runner/work/cc65/cc65/asminc/tgi-kernel.inc:121
    tgi_outtext.o             /home/runner/work/cc65/cc65/asminc/tgi-kernel.inc:121
    tgi_settextstyle.o        /home/runner/work/cc65/cc65/asminc/tgi-kernel.inc:121
_tgi_fontheight (tgi-kernel.o):
    tgi_settextstyle.o        /home/runner/work/cc65/cc65/asminc/tgi-kernel.inc:135
_tgi_fontwidth (tgi-kernel.o):
    tgi_settextstyle.o        /home/runner/work/cc65/cc65/asminc/tgi-kernel.inc:134
_tgi_gettextwidth (tgi_gettextwidth.o):
    tgi_outtext.o             /home/runner/work/cc65/cc65/asminc/tgi-kernel.inc:208
_tgi_getxres (tgi_getxres.o):
    tgi_init.o                /home/runner/work/cc65/cc65/asminc/tgi-kernel.inc:209
_tgi_getyres (tgi_getyres.o):
    tgi_init.o                /home/runner/work/cc65/cc65/asminc/tgi-kernel.inc:210
_tgi_gmode (tgi-kernel.o):
    tgi_init.o                /home/runner/work/cc65/cc65/asminc/tgi-kernel.inc:117
    tgi_done.o                /home/runner/work/cc65/cc65/asminc/tgi-kernel.inc:117
_tgi_init (tgi_init.o):
    main.o                    main.s:16
_tgi_install (tgi-kernel.o):
    main.o                    main.s:15
_tgi_ioctl (tgi_ioctl.o):
    game.o                    game.s:15
    title_screen.o            title_screen.s:16
    result_screen.o           result_screen.s:16
    main.o                    main.s:20
_tgi_outtext (tgi_outtext.o):
    tgi_outtextxy.o           /home/runner/work/cc65/cc65/asminc/tgi-kernel.inc:220
_tgi_outtextxy (tgi_outtextxy.o):
    game.o                    game.s:14
    title_screen.o            title_screen.s:15
    result_screen.o           result_screen.s:15
_tgi_setcolor (tgi_setcolor.o):
    tgi_init.o                /home/runner/work/cc65/cc65/asminc/tgi-kernel.inc:224
    title_screen.o            title_screen.s:14
    result_screen.o           result_screen.s:14
    main.o                    main.s:18
_tgi_setpalette (tgi_setpalette.o):
    main.o                    main.s:19
_tgi_settextstyle (tgi_settextstyle.o):
    tgi_init.o                /home/runner/work/cc65/cc65/asminc/tgi-kernel.inc:230
_tgi_static_stddrv (tgi_stat_stddrv.o):
    main.o                    main.s:14
_tgi_textdir (tgi-kernel.o):
    tgi_vectorchar.o          /home/runner/work/cc65/cc65/asminc/tgi-kernel.inc:122
    tgi_outtext.o             /home/runner/work/cc65/cc65/asminc/tgi-kernel.inc:122
    tgi_settextstyle.o        /home/runner/work/cc65/cc65/asminc/tgi-kernel.inc:122
_tgi_textscaleh (tgi-kernel.o):
    tgi_vectorchar.o          /home/runner/work/cc65/cc65/asminc/tgi-kernel.inc:125
_tgi_textscalew (tgi-kernel.o):
    tgi_gettextwidth.o        /home/runner/work/cc65/cc65/asminc/tgi-kernel.inc:124
    tgi_vectorchar.o          /home/runner/work/cc65/cc65/asminc/tgi-kernel.inc:124
    tgi_outtext.o             /home/runner/work/cc65/cc65/asminc/tgi-kernel.inc:124
    tgi_settextstyle.o        /home/runner/work/cc65/cc65/asminc/tgi-kernel.inc:124
_tgi_vectorchar (tgi_vectorchar.o):
    tgi_outtext.o             /home/runner/work/cc65/cc65/asminc/tgi-vectorfont.inc:67
_tgi_vectorfont (tgi-kernel.o):
    tgi_gettextwidth.o        /home/runner/work/cc65/cc65/asminc/tgi-kernel.inc:123
    tgi_vectorchar.o          /home/runner/work/cc65/cc65/asminc/tgi-kernel.inc:123
    tgi_outtext.o             /home/runner/work/cc65/cc65/asminc/tgi-kernel.inc:123
_tgi_xmax (tgi-kernel.o):
    tgi_clippedline.o         /home/runner/work/cc65/cc65/asminc/tgi-kernel.inc:130
    tgi_init.o                /home/runner/work/cc65/cc65/asminc/tgi-kernel.inc:130
_tgi_xres (tgi-kernel.o):
    tgi_outcode.o             /home/runner/work/cc65/cc65/asminc/tgi-kernel.inc:128
    tgi_getxres.o             /home/runner/work/cc65/cc65/asminc/tgi-kernel.inc:128
_tgi_ymax (tgi-kernel.o):
    tgi_clippedline.o         /home/runner/work/cc65/cc65/asminc/tgi-kernel.inc:131
    tgi_init.o                /home/runner/work/cc65/cc65/asminc/tgi-kernel.inc:131
_tgi_yres (tgi-kernel.o):
    tgi_outcode.o             /home/runner/work/cc65/cc65/asminc/tgi-kernel.inc:129
    tgi_getyres.o             /home/runner/work/cc65/cc65/asminc/tgi-kernel.inc:129
_title01 (title01.o):
    title_screen.o            title_screen.s:19
_title02 (title02.o):
    title_screen.o            title_screen.s:20
_title03 (title03.o):
    title_screen.o            title_screen.s:21
_title04 (title04.o):
    title_screen.o            title_screen.s:22
_title05 (title05.o):
    title_screen.o            title_screen.s:23
_title06 (title06.o):
    title_screen.o            title_screen.s:24
_title_screen (title_screen.o):
    main.o                    main.s:25
_toascii (toascii.o):
    tgi_gettextwidth.o        tgi/tgi_gettextwidth.s:10
    tgi_outtext.o             tgi/tgi_outtext.s:12
addysp1 (addysp.o):
    tgi_outtextxy.o           tgi/tgi_outtextxy.s:10
    sub.o                     runtime/sub.s:8
    itoa.o                    common/itoa.s:9
aslax1 (aslax1.o):
    game.o                    game.s:2583
    game.o                    game.s:2583
    game.o                    game.s:2583
    game.o                    game.s:2583
asrax4 (asrax4.o):
    game.o                    game.s:2583
bnegax (bneg.o):
    main.o                    main.s:464
callirq (callirq.o):
    irq.o                     lynx/irq.s:6
callmain (callmain.o):
    crt0.o                    lynx/crt0.s:23
decax1 (decax1.o):
    tgi_init.o                tgi/tgi_init.s:11
    game.o                    game.s:2583
decaxy (decaxy.o):
    game.o                    game.s:2583
doneirq (irq.o):
    callirq.o                 runtime/callirq.s:38
donelib (condes.o):
    crt0.o                    lynx/crt0.s:21
imul16x16r32 (imul16x16r32.o):
    tgi_imulround.o           tgi/tgi_imulround.s:14
incaxy (incaxy.o):
    game.o                    game.s:2583
    game.o                    game.s:2583
incsp2 (incsp2.o):
    staxspi.o                 runtime/staxspi.s:9
    popptr1.o                 runtime/popptr1.s:8
    game.o                    game.s:2583
    game.o                    game.s:2583
    main.o                    main.s:464
initirq (irq.o):
    callirq.o                 runtime/callirq.s:37
initlib (condes.o):
    crt0.o                    lynx/crt0.s:21
joy_libref (libref.o):
    joy-kernel.o              joystick/joy-kernel.s:7
joy_read (joy-kernel.o):
    joy_read.o                /home/runner/work/cc65/cc65/asminc/joy-kernel.inc:71
ldax0sp (ldaxsp.o):
    game.o                    game.s:2583
ldaxi (ldaxi.o):
    game.o                    game.s:2583
    game.o                    game.s:2583
    game.o                    game.s:2583
    game.o                    game.s:2583
    main.o                    main.s:464
ldaxidx (ldaxi.o):
    game.o                    game.s:2583
    game.o                    game.s:2583
    title_screen.o            title_screen.s:823
    title_screen.o            title_screen.s:823
mul8x16 (mul8.o):
    mul.o                     runtime/mul.s:8
mul8x16a (mul8.o):
    mul.o                     runtime/mul.s:8
musicptr (it_dont_fit_well.o):
    main.o                    main.s:464
negax (negabs.o):
    imul16x16r32.o            runtime/imul16x16r32.s:8
    tgi_clippedline.o         tgi/tgi_clippedline.s:9
    tgi_outtext.o             tgi/tgi_outtext.s:13
    shelp.o                   runtime/shelp.s:11
    mod.o                     runtime/mod.s:11
negeax (lneg.o):
    imul16x16r32.o            runtime/imul16x16r32.s:8
popa (popa.o):
    tgi_settextstyle.o        tgi/tgi_settextstyle.s:10
    tgi_ioctl.o               tgi/tgi_ioctl.s:13
popax (incsp2.o):
    tgi_imulround.o           tgi/tgi_imulround.s:14
    tgi_settextstyle.o        tgi/tgi_settextstyle.s:10
    shelp.o                   runtime/shelp.s:11
    memcpy.o                  common/memcpy.s:14
popptr1 (popptr1.o):
    umod.o                    runtime/umod.s:8
    udiv.o                    runtime/udiv.s:9
    mul8.o                    runtime/mul8.s:9
    mul.o                     runtime/mul.s:9
    memcpy.o                  common/memcpy.s:14
popsargsudiv16 (shelp.o):
    mod.o                     runtime/mod.s:11
ptr1 (zeropage.o):
    imul16x16r32.o            /home/runner/work/cc65/cc65/asminc/zeropage.inc:12
    umul16x16r32.o            /home/runner/work/cc65/cc65/asminc/zeropage.inc:12
    udiv32by16r16.o           /home/runner/work/cc65/cc65/asminc/zeropage.inc:12
    tgi_imulround.o           /home/runner/work/cc65/cc65/asminc/zeropage.inc:12
    tgi_gettextwidth.o        /home/runner/work/cc65/cc65/asminc/zeropage.inc:12
    tgi_curtoxy.o             tgi/tgi_curtoxy.s:9
    tgi_clippedline.o         /home/runner/work/cc65/cc65/asminc/zeropage.inc:12
    tgi_vectorchar.o          /home/runner/work/cc65/cc65/asminc/zeropage.inc:12
    tgi_outtext.o             /home/runner/work/cc65/cc65/asminc/zeropage.inc:12
    lynx-160-102-16-tgi.o     /home/runner/work/cc65/cc65/asminc/zeropage.inc:12
    zerobss.o                 common/zerobss.s:9
    umul8x16r24.o             /home/runner/work/cc65/cc65/asminc/zeropage.inc:12
    udiv.o                    runtime/udiv.s:10
    tgi_settextstyle.o        /home/runner/work/cc65/cc65/asminc/zeropage.inc:12
    tgi_setpalette.o          tgi/tgi_setpalette.s:12
    tgi_ioctl.o               tgi/tgi_ioctl.s:14
    tgi_init.o                tgi/tgi_init.s:12
    tgi-kernel.o              tgi/tgi-kernel.s:8
    staxspi.o                 runtime/staxspi.s:10
    shelp.o                   runtime/shelp.s:12
    popptr1.o                 runtime/popptr1.s:9
    mul8.o                    runtime/mul8.s:10
    mul.o                     runtime/mul.s:10
    memcpy.o                  common/memcpy.s:15
    ldaxi.o                   runtime/ldaxi.s:8
    joy-kernel.o              joystick/joy-kernel.s:8
    game.o                    game.s:11
    title_screen.o            title_screen.s:11
ptr2 (zeropage.o):
    strlen.o                  common/strlen.s:12
    udiv32by16r16.o           /home/runner/work/cc65/cc65/asminc/zeropage.inc:12
    tgi_gettextwidth.o        /home/runner/work/cc65/cc65/asminc/zeropage.inc:12
    tgi_curtoxy.o             tgi/tgi_curtoxy.s:9
    tgi_clippedline.o         /home/runner/work/cc65/cc65/asminc/zeropage.inc:12
    lynx-160-102-16-tgi.o     /home/runner/work/cc65/cc65/asminc/zeropage.inc:12
    memcpy.o                  common/memcpy.s:15
    itoa.o                    common/itoa.s:11
ptr3 (zeropage.o):
    imul16x16r32.o            /home/runner/work/cc65/cc65/asminc/zeropage.inc:12
    umul16x16r32.o            /home/runner/work/cc65/cc65/asminc/zeropage.inc:12
    udiv32by16r16.o           /home/runner/work/cc65/cc65/asminc/zeropage.inc:12
    tgi_gettextwidth.o        /home/runner/work/cc65/cc65/asminc/zeropage.inc:12
    tgi_outtext.o             /home/runner/work/cc65/cc65/asminc/zeropage.inc:12
    lynx-160-102-16-tgi.o     /home/runner/work/cc65/cc65/asminc/zeropage.inc:12
    umul8x16r24.o             /home/runner/work/cc65/cc65/asminc/zeropage.inc:12
    memcpy.o                  common/memcpy.s:15
    itoa.o                    common/itoa.s:11
ptr4 (zeropage.o):
    lynx-160-102-16-tgi.o     /home/runner/work/cc65/cc65/asminc/zeropage.inc:12
    umod.o                    runtime/umod.s:9
    udiv.o                    runtime/udiv.s:10
    shelp.o                   runtime/shelp.s:12
    mul8.o                    runtime/mul8.s:10
    mul.o                     runtime/mul.s:10
pusha (pusha.o):
    tgi_init.o                tgi/tgi_init.s:11
    game.o                    game.s:2583
    title_screen.o            title_screen.s:823
    title_screen.o            title_screen.s:823
    result_screen.o           result_screen.s:255
    main.o                    main.s:464
    main.o                    main.s:464
pusha0 (pushax.o):
    game.o                    game.s:2583
    title_screen.o            title_screen.s:823
    result_screen.o           result_screen.s:255
pushax (pushax.o):
    callmain.o                runtime/callmain.s:11
    tgi_init.o                tgi/tgi_init.s:11
    game.o                    game.s:2583
    game.o                    game.s:2583
    game.o                    game.s:2583
    game.o                    game.s:2583
    title_screen.o            title_screen.s:823
    result_screen.o           result_screen.s:255
    main.o                    main.s:464
regbank (zeropage.o):
    tgi_vectorchar.o          /home/runner/work/cc65/cc65/asminc/zeropage.inc:14
    tgi_outtext.o             /home/runner/work/cc65/cc65/asminc/zeropage.inc:14
shlax4 (aslax4.o):
    game.o                    game.s:2583
shrax4 (shrax4.o):
    game.o                    game.s:2583
sp (zeropage.o):
    popa.o                    runtime/popa.s:8
    addysp.o                  runtime/addysp.s:8
    tgi_outtextxy.o           tgi/tgi_outtextxy.s:11
    sub.o                     runtime/sub.s:9
    staxspi.o                 runtime/staxspi.s:10
    pushax.o                  runtime/pushax.s:8
    pusha.o                   runtime/pusha.s:8
    popptr1.o                 runtime/popptr1.s:9
    memcpy.o                  common/memcpy.s:15
    ldaxsp.o                  runtime/ldaxsp.s:8
    itoa.o                    common/itoa.s:11
    incsp2.o                  runtime/incsp2.s:8
    crt0.o                    /home/runner/work/cc65/cc65/asminc/zeropage.inc:11
    game.o                    game.s:10
    main.o                    main.s:10
sreg (zeropage.o):
    lneg.o                    runtime/lneg.s:11
    umul16x16r32.o            /home/runner/work/cc65/cc65/asminc/zeropage.inc:11
    udiv32by16r16.o           /home/runner/work/cc65/cc65/asminc/zeropage.inc:11
    tgi_imulround.o           /home/runner/work/cc65/cc65/asminc/zeropage.inc:11
    tgi_clippedline.o         /home/runner/work/cc65/cc65/asminc/zeropage.inc:11
    umul8x16r24.o             /home/runner/work/cc65/cc65/asminc/zeropage.inc:11
    umod.o                    runtime/umod.s:9
    udiv.o                    runtime/udiv.s:10
    mod.o                     runtime/mod.s:12
    itoa.o                    common/itoa.s:11
    game.o                    game.s:10
    title_screen.o            title_screen.s:10
    main.o                    main.s:10
staxspidx (staxspi.o):
    game.o                    game.s:2583
    game.o                    game.s:2583
    game.o                    game.s:2583
tgi_clear (tgi-kernel.o):
    tgi_clear.o               /home/runner/work/cc65/cc65/asminc/tgi-kernel.inc:156
tgi_clip_x1 (tgi_outcode.o):
    tgi_clippedline.o         /home/runner/work/cc65/cc65/asminc/tgi-kernel.inc:142
    tgi_vectorchar.o          /home/runner/work/cc65/cc65/asminc/tgi-kernel.inc:142
tgi_clip_x2 (tgi_outcode.o):
    tgi_clippedline.o         /home/runner/work/cc65/cc65/asminc/tgi-kernel.inc:144
tgi_clip_y1 (tgi_outcode.o):
    tgi_clippedline.o         /home/runner/work/cc65/cc65/asminc/tgi-kernel.inc:143
tgi_clip_y2 (tgi_outcode.o):
    tgi_clippedline.o         /home/runner/work/cc65/cc65/asminc/tgi-kernel.inc:145
tgi_clippedline (tgi_clippedline.o):
    tgi_vectorchar.o          /home/runner/work/cc65/cc65/asminc/tgi-kernel.inc:174
tgi_color_white (tgi_colors.o):
    tgi_init.o                /home/runner/work/cc65/cc65/asminc/tgi-kernel.inc:110
tgi_control (tgi-kernel.o):
    tgi_ioctl.o               /home/runner/work/cc65/cc65/asminc/tgi-kernel.inc:155
tgi_curtoxy (tgi_curtoxy.o):
    tgi_outtext.o             /home/runner/work/cc65/cc65/asminc/tgi-kernel.inc:175
tgi_done (tgi-kernel.o):
    tgi_done.o                /home/runner/work/cc65/cc65/asminc/tgi-kernel.inc:153
tgi_getdefpalette (tgi-kernel.o):
    tgi_init.o                /home/runner/work/cc65/cc65/asminc/tgi-kernel.inc:162
tgi_geterror (tgi-kernel.o):
    tgi_init.o                /home/runner/work/cc65/cc65/asminc/tgi-kernel.inc:154
tgi_imulround (tgi_imulround.o):
    tgi_gettextwidth.o        /home/runner/work/cc65/cc65/asminc/tgi-kernel.inc:177
    tgi_vectorchar.o          /home/runner/work/cc65/cc65/asminc/tgi-kernel.inc:177
    tgi_outtext.o             /home/runner/work/cc65/cc65/asminc/tgi-kernel.inc:177
tgi_init (tgi-kernel.o):
    tgi_init.o                /home/runner/work/cc65/cc65/asminc/tgi-kernel.inc:152
tgi_inv_arg (tgi-kernel.o):
    tgi_setcolor.o            /home/runner/work/cc65/cc65/asminc/tgi-kernel.inc:178
tgi_libref (tgi_irq.o):
    tgi-kernel.o              tgi/tgi-kernel.s:7
tgi_line (tgi-kernel.o):
    tgi_clippedline.o         /home/runner/work/cc65/cc65/asminc/tgi-kernel.inc:165
tgi_outcode (tgi_outcode.o):
    tgi_clippedline.o         /home/runner/work/cc65/cc65/asminc/tgi-kernel.inc:181
tgi_outtext (tgi-kernel.o):
    tgi_outtext.o             /home/runner/work/cc65/cc65/asminc/tgi-kernel.inc:168
tgi_setcolor (tgi-kernel.o):
    tgi_setcolor.o            /home/runner/work/cc65/cc65/asminc/tgi-kernel.inc:159
tgi_setdrawpage (tgi-kernel.o):
    tgi_init.o                /home/runner/work/cc65/cc65/asminc/tgi-kernel.inc:158
tgi_setpalette (tgi-kernel.o):
    tgi_setpalette.o          /home/runner/work/cc65/cc65/asminc/tgi-kernel.inc:160
    tgi_init.o                /home/runner/work/cc65/cc65/asminc/tgi-kernel.inc:160
tgi_setviewpage (tgi-kernel.o):
    tgi_init.o                /home/runner/work/cc65/cc65/asminc/tgi-kernel.inc:157
tmp1 (zeropage.o):
    imul16x16r32.o            /home/runner/work/cc65/cc65/asminc/zeropage.inc:13
    tgi_outcode.o             /home/runner/work/cc65/cc65/asminc/zeropage.inc:13
    tgi_clippedline.o         /home/runner/work/cc65/cc65/asminc/zeropage.inc:13
    lynx-160-102-16-tgi.o     /home/runner/work/cc65/cc65/asminc/zeropage.inc:13
    staxspi.o                 runtime/staxspi.s:10
    shrax4.o                  runtime/shrax4.s:8
    shelp.o                   runtime/shelp.s:12
    mul.o                     runtime/mul.s:10
    mod.o                     runtime/mod.s:12
    itoa.o                    common/itoa.s:11
    incaxy.o                  runtime/incaxy.s:8
    decaxy.o                  runtime/decaxy.s:8
    asrax4.o                  runtime/asrax4.s:9
    aslax4.o                  runtime/aslax4.s:8
    aslax1.o                  runtime/aslax1.s:8
    game.o                    game.s:11
    title_screen.o            title_screen.s:11
    result_screen.o           result_screen.s:11
    main.o                    main.s:11
tmp2 (zeropage.o):
    lynx-160-102-16-tgi.o     /home/runner/work/cc65/cc65/asminc/zeropage.inc:13
    shelp.o                   runtime/shelp.s:12
tmp3 (zeropage.o):
    lynx-160-102-16-tgi.o     /home/runner/work/cc65/cc65/asminc/zeropage.inc:13
tmp4 (zeropage.o):
    lynx-160-102-16-tgi.o     /home/runner/work/cc65/cc65/asminc/zeropage.inc:13
tosmoda0 (mod.o):
    game.o                    game.s:2583
tossuba0 (sub.o):
    game.o                    game.s:2583
tosumodax (umod.o):
    game.o                    game.s:2583
tosumulax (mul.o):
    game.o                    game.s:2583
udiv16 (udiv.o):
    umod.o                    runtime/umod.s:8
    shelp.o                   runtime/shelp.s:11
udiv32by16r16 (udiv32by16r16.o):
    tgi_clippedline.o         tgi/tgi_clippedline.s:8
umul16x16r32 (umul16x16r32.o):
    tgi_clippedline.o         tgi/tgi_clippedline.s:8
umul16x16r32m (umul16x16r32.o):
    imul16x16r32.o            runtime/imul16x16r32.s:8
umul8x16r16 (umul8x16r24.o):
    tgi_gettextwidth.o        tgi/tgi_gettextwidth.s:11
umul8x16r24 (umul8x16r24.o):
    tgi_settextstyle.o        tgi/tgi_settextstyle.s:9
zerobss (zerobss.o):
    crt0.o                    lynx/crt0.s:22

