Modules list:
-------------
main.o:
    CODE              Offs=000000  Size=000087  Align=00001  Fill=0000
    BSS               Offs=000000  Size=000002  Align=00001  Fill=0000
    DATA              Offs=000000  Size=000020  Align=00001  Fill=0000
result_screen.o:
    CODE              Offs=000087  Size=0000C4  Align=00001  Fill=0000
    RODATA            Offs=000000  Size=000025  Align=00001  Fill=0000
    BSS               Offs=000002  Size=000017  Align=00001  Fill=0000
title_screen.o:
    CODE              Offs=00014B  Size=0000F2  Align=00001  Fill=0000
    RODATA            Offs=000025  Size=00002C  Align=00001  Fill=0000
    BSS               Offs=000019  Size=000003  Align=00001  Fill=0000
    DATA              Offs=000020  Size=000002  Align=00001  Fill=0000
game.o:
    CODE              Offs=00023D  Size=000B06  Align=00001  Fill=0000
    RODATA            Offs=000051  Size=00000C  Align=00001  Fill=0000
    BSS               Offs=00001C  Size=0003F4  Align=00001  Fill=0000
    DATA              Offs=000022  Size=00008A  Align=00001  Fill=0000
knight_run0.o:
    RODATA            Offs=00005D  Size=0000BC  Align=00001  Fill=0000
knight_run1.o:
    RODATA            Offs=000119  Size=0000BD  Align=00001  Fill=0000
knight_run2.o:
    RODATA            Offs=0001D6  Size=0000BA  Align=00001  Fill=0000
knight_run3.o:
    RODATA            Offs=000290  Size=0000B8  Align=00001  Fill=0000
floor_1.o:
    RODATA            Offs=000348  Size=000050  Align=00001  Fill=0000
floor_2.o:
    RODATA            Offs=000398  Size=00006F  Align=00001  Fill=0000
floor_3.o:
    RODATA            Offs=000407  Size=000061  Align=00001  Fill=0000
floor_4.o:
    RODATA            Offs=000468  Size=000067  Align=00001  Fill=0000
floor_spikes.o:
    RODATA            Offs=0004CF  Size=00007F  Align=00001  Fill=0000
C:\dev\cc65\lib/lynx.lib(_hextab.o):
    RODATA            Offs=00054E  Size=000010  Align=00001  Fill=0000
C:\dev\cc65\lib/lynx.lib(addysp.o):
    CODE              Offs=000D43  Size=00000E  Align=00001  Fill=0000
C:\dev\cc65\lib/lynx.lib(aslax1.o):
    CODE              Offs=000D51  Size=000008  Align=00001  Fill=0000
C:\dev\cc65\lib/lynx.lib(aslax4.o):
    CODE              Offs=000D59  Size=000011  Align=00001  Fill=0000
C:\dev\cc65\lib/lynx.lib(asrax4.o):
    CODE              Offs=000D6A  Size=000019  Align=00001  Fill=0000
C:\dev\cc65\lib/lynx.lib(bllhdr.o):
    BLLHDR            Offs=000000  Size=00000A  Align=00001  Fill=0000
C:\dev\cc65\lib/lynx.lib(bneg.o):
    CODE              Offs=000D83  Size=00000E  Align=00001  Fill=0000
C:\dev\cc65\lib/lynx.lib(callirq.o):
    DATA              Offs=0000AC  Size=00001E  Align=00001  Fill=0000
C:\dev\cc65\lib/lynx.lib(callmain.o):
    CODE              Offs=000D91  Size=000017  Align=00001  Fill=0000
    DATA              Offs=0000CA  Size=000004  Align=00001  Fill=0000
C:\dev\cc65\lib/lynx.lib(cgetc.o):
    CODE              Offs=000DA8  Size=000053  Align=00001  Fill=0000
C:\dev\cc65\lib/lynx.lib(condes.o):
    CODE              Offs=000DFB  Size=00000C  Align=00001  Fill=0000
    DATA              Offs=0000CE  Size=000025  Align=00001  Fill=0000
    ONCE              Offs=000000  Size=00000C  Align=00001  Fill=0000
C:\dev\cc65\lib/lynx.lib(crt0.o):
    RODATA            Offs=00055E  Size=00002C  Align=00001  Fill=0000
    STARTUP           Offs=000000  Size=00006D  Align=00001  Fill=0000
C:\dev\cc65\lib/lynx.lib(decax1.o):
    CODE              Offs=000E07  Size=000007  Align=00001  Fill=0000
C:\dev\cc65\lib/lynx.lib(decaxy.o):
    CODE              Offs=000E0E  Size=000009  Align=00001  Fill=0000
C:\dev\cc65\lib/lynx.lib(extzp.o):
    EXTZP             Offs=000000  Size=000011  Align=00001  Fill=0000
C:\dev\cc65\lib/lynx.lib(imul16x16r32.o):
    CODE              Offs=000E17  Size=00002B  Align=00001  Fill=0000
C:\dev\cc65\lib/lynx.lib(incaxy.o):
    CODE              Offs=000E42  Size=00000B  Align=00001  Fill=0000
C:\dev\cc65\lib/lynx.lib(incsp2.o):
    CODE              Offs=000E4D  Size=000015  Align=00001  Fill=0000
C:\dev\cc65\lib/lynx.lib(irq.o):
    CODE              Offs=000E62  Size=000001  Align=00001  Fill=0000
    ONCE              Offs=00000C  Size=00000D  Align=00001  Fill=0000
    LOWCODE           Offs=000000  Size=000010  Align=00001  Fill=0000
C:\dev\cc65\lib/lynx.lib(itoa.o):
    CODE              Offs=000E63  Size=000094  Align=00001  Fill=0000
    RODATA            Offs=00058A  Size=000007  Align=00001  Fill=0000
C:\dev\cc65\lib/lynx.lib(joy-kernel.o):
    CODE              Offs=000EF7  Size=00004D  Align=00001  Fill=0000
    RODATA            Offs=000591  Size=000004  Align=00001  Fill=0000
    BSS               Offs=000410  Size=000002  Align=00001  Fill=0000
    DATA              Offs=0000F3  Size=00000C  Align=00001  Fill=0000
C:\dev\cc65\lib/lynx.lib(joy_read.o):
C:\dev\cc65\lib/lynx.lib(joy_stat_stddrv.o):
C:\dev\cc65\lib/lynx.lib(kbhit.o):
    CODE              Offs=000F44  Size=000038  Align=00001  Fill=0000
    DATA              Offs=0000FF  Size=000006  Align=00001  Fill=0000
C:\dev\cc65\lib/lynx.lib(ldaxi.o):
    CODE              Offs=000F7C  Size=00000D  Align=00001  Fill=0000
C:\dev\cc65\lib/lynx.lib(ldaxsp.o):
    CODE              Offs=000F89  Size=000009  Align=00001  Fill=0000
C:\dev\cc65\lib/lynx.lib(libref.o):
C:\dev\cc65\lib/lynx.lib(lneg.o):
    CODE              Offs=000F92  Size=00001E  Align=00001  Fill=0000
C:\dev\cc65\lib/lynx.lib(memcpy.o):
    CODE              Offs=000FB0  Size=00003C  Align=00001  Fill=0000
C:\dev\cc65\lib/lynx.lib(mod.o):
    CODE              Offs=000FEC  Size=000011  Align=00001  Fill=0000
C:\dev\cc65\lib/lynx.lib(mul.o):
    CODE              Offs=000FFD  Size=000045  Align=00001  Fill=0000
C:\dev\cc65\lib/lynx.lib(mul8.o):
    CODE              Offs=001042  Size=00003A  Align=00001  Fill=0000
C:\dev\cc65\lib/lynx.lib(negabs.o):
    CODE              Offs=00107C  Size=000012  Align=00001  Fill=0000
C:\dev\cc65\lib/lynx.lib(popa.o):
    CODE              Offs=00108E  Size=00000A  Align=00001  Fill=0000
C:\dev\cc65\lib/lynx.lib(popptr1.o):
    CODE              Offs=001098  Size=00000E  Align=00001  Fill=0000
C:\dev\cc65\lib/lynx.lib(pusha.o):
    CODE              Offs=0010A6  Size=000016  Align=00001  Fill=0000
C:\dev\cc65\lib/lynx.lib(pushax.o):
    CODE              Offs=0010BC  Size=00001A  Align=00001  Fill=0000
C:\dev\cc65\lib/lynx.lib(rand.o):
    CODE              Offs=0010D6  Size=000034  Align=00001  Fill=0000
    DATA              Offs=000105  Size=000004  Align=00001  Fill=0000
C:\dev\cc65\lib/lynx.lib(shelp.o):
    CODE              Offs=00110A  Size=000020  Align=00001  Fill=0000
C:\dev\cc65\lib/lynx.lib(shrax4.o):
    CODE              Offs=00112A  Size=000011  Align=00001  Fill=0000
C:\dev\cc65\lib/lynx.lib(staxspi.o):
    CODE              Offs=00113B  Size=00001A  Align=00001  Fill=0000
C:\dev\cc65\lib/lynx.lib(strlen.o):
    CODE              Offs=001155  Size=000016  Align=00001  Fill=0000
C:\dev\cc65\lib/lynx.lib(sub.o):
    CODE              Offs=00116B  Size=000014  Align=00001  Fill=0000
C:\dev\cc65\lib/lynx.lib(tgi-kernel.o):
    CODE              Offs=00117F  Size=00007F  Align=00001  Fill=0000
    RODATA            Offs=000595  Size=000004  Align=00001  Fill=0000
    BSS               Offs=000412  Size=000028  Align=00001  Fill=0000
    DATA              Offs=000109  Size=000039  Align=00001  Fill=0000
C:\dev\cc65\lib/lynx.lib(tgi_clear.o):
C:\dev\cc65\lib/lynx.lib(tgi_clippedline.o):
    CODE              Offs=0011FE  Size=0001E3  Align=00001  Fill=0000
    BSS               Offs=00043A  Size=000008  Align=00001  Fill=0000
C:\dev\cc65\lib/lynx.lib(tgi_colors.o):
C:\dev\cc65\lib/lynx.lib(tgi_curtoxy.o):
    CODE              Offs=0013E1  Size=000015  Align=00001  Fill=0000
C:\dev\cc65\lib/lynx.lib(tgi_done.o):
    CODE              Offs=0013F6  Size=00000E  Align=00001  Fill=0000
C:\dev\cc65\lib/lynx.lib(tgi_gettextwidth.o):
    CODE              Offs=001404  Size=000057  Align=00001  Fill=0000
C:\dev\cc65\lib/lynx.lib(tgi_getxres.o):
    CODE              Offs=00145B  Size=000007  Align=00001  Fill=0000
C:\dev\cc65\lib/lynx.lib(tgi_getyres.o):
    CODE              Offs=001462  Size=000007  Align=00001  Fill=0000
C:\dev\cc65\lib/lynx.lib(tgi_imulround.o):
    CODE              Offs=001469  Size=000025  Align=00001  Fill=0000
C:\dev\cc65\lib/lynx.lib(tgi_init.o):
    CODE              Offs=00148E  Size=000058  Align=00001  Fill=0000
C:\dev\cc65\lib/lynx.lib(tgi_ioctl.o):
    CODE              Offs=0014E6  Size=00000A  Align=00001  Fill=0000
C:\dev\cc65\lib/lynx.lib(tgi_irq.o):
    DATA              Offs=000142  Size=000003  Align=00001  Fill=0000
C:\dev\cc65\lib/lynx.lib(tgi_outcode.o):
    CODE              Offs=0014F0  Size=000041  Align=00001  Fill=0000
    BSS               Offs=000442  Size=000008  Align=00001  Fill=0000
C:\dev\cc65\lib/lynx.lib(tgi_outtext.o):
    CODE              Offs=001531  Size=000091  Align=00001  Fill=0000
C:\dev\cc65\lib/lynx.lib(tgi_outtextxy.o):
    CODE              Offs=0015C2  Size=000021  Align=00001  Fill=0000
C:\dev\cc65\lib/lynx.lib(tgi_setcolor.o):
    CODE              Offs=0015E3  Size=000013  Align=00001  Fill=0000
C:\dev\cc65\lib/lynx.lib(tgi_setpalette.o):
    CODE              Offs=0015F6  Size=000007  Align=00001  Fill=0000
C:\dev\cc65\lib/lynx.lib(tgi_settextstyle.o):
    CODE              Offs=0015FD  Size=000042  Align=00001  Fill=0000
C:\dev\cc65\lib/lynx.lib(tgi_stat_stddrv.o):
C:\dev\cc65\lib/lynx.lib(tgi_vectorchar.o):
    CODE              Offs=00163F  Size=0000D5  Align=00001  Fill=0000
    BSS               Offs=00044A  Size=000008  Align=00001  Fill=0000
C:\dev\cc65\lib/lynx.lib(toascii.o):
    CODE              Offs=001714  Size=000003  Align=00001  Fill=0000
C:\dev\cc65\lib/lynx.lib(udiv.o):
    CODE              Offs=001717  Size=00004F  Align=00001  Fill=0000
C:\dev\cc65\lib/lynx.lib(udiv32by16r16.o):
    CODE              Offs=001766  Size=000031  Align=00001  Fill=0000
C:\dev\cc65\lib/lynx.lib(umod.o):
    CODE              Offs=001797  Size=000011  Align=00001  Fill=0000
C:\dev\cc65\lib/lynx.lib(umul16x16r32.o):
    CODE              Offs=0017A8  Size=00002C  Align=00001  Fill=0000
C:\dev\cc65\lib/lynx.lib(umul8x16r24.o):
    CODE              Offs=0017D4  Size=00002B  Align=00001  Fill=0000
C:\dev\cc65\lib/lynx.lib(zerobss.o):
    CODE              Offs=0017FF  Size=000023  Align=00001  Fill=0000
C:\dev\cc65\lib/lynx.lib(zeropage.o):
    ZEROPAGE          Offs=000000  Size=00001A  Align=00001  Fill=0000
C:\dev\cc65\lib/lynx.lib(lynx-stdjoy-joy.o):
    CODE              Offs=001822  Size=000011  Align=00001  Fill=0000
    DATA              Offs=000145  Size=00000E  Align=00001  Fill=0000
C:\dev\cc65\lib/lynx.lib(lynx-160-102-16-tgi.o):
    CODE              Offs=001833  Size=00039E  Align=00001  Fill=0000
    RODATA            Offs=000599  Size=000324  Align=00001  Fill=0000
    BSS               Offs=000452  Size=0000BD  Align=00001  Fill=0000
    DATA              Offs=000153  Size=000090  Align=00001  Fill=0000


Segment list:
-------------
Name                   Start     End    Size  Align
----------------------------------------------------
BLLHDR                000000  000009  00000A  00001
ZEROPAGE              000000  000019  00001A  00001
EXTZP                 00001A  00002A  000011  00001
STARTUP               000400  00046C  00006D  00001
LOWCODE               00046D  00047C  000010  00001
ONCE                  00047D  000497  00001B  00001
CODE                  000498  002068  001BD1  00001
RODATA                002069  002929  0008C1  00001
DATA                  00292A  002B0C  0001E3  00001
BSS                   002B0D  00301B  00050F  00001


Exports list by name:
---------------------
KBEDG                     002A2B RLA    KBSTL                     002A2C RLA    
__BLLHDR__                000001 REA    __BSS_LOAD__              002B0D RLA    
__BSS_RUN__               002B0D RLA    __BSS_SIZE__              00050F REA    
__CALLIRQ__               000001 REA    __CONSTRUCTOR_COUNT__     000001 REA    
__CONSTRUCTOR_TABLE__     000496 RLA    __DESTRUCTOR_COUNT__      000001 REA    
__DESTRUCTOR_TABLE__      002926 RLA    __INTERRUPTOR_COUNT__     000001 REA    
__INTERRUPTOR_TABLE__     002928 RLA    __MAIN_SIZE__             00B438 REA    
__MAIN_START__            000400 RLA    __STACKSIZE__             000800 REA    
__STARTUP__               000001 REA    __hextab                  0025B7 RLA    
__iodat                   00001A RLZ    __iodir                   00001B RLZ    
__sprsys                  00001D RLZ    __viddma                  00001C RLZ    
_cgetc                    001240 RLA    _exit                     000468 RLA    
_floor_1                  0023B1 RLA    _floor_2                  002401 RLA    
_floor_3                  002470 RLA    _floor_4                  0024D1 RLA    
_floor_spikes             002538 RLA    _game                     00110E RLA    
_itoa                     001319 RLA    _joy_install              00138F RLA    
_joy_read                 002A26 REA    _joy_static_stddrv        002A6F RLA    
_kbhit                    0013DC RLA    _knight_run0              0020C6 RLA    
_knight_run1              002182 RLA    _knight_run2              00223F RLA    
_knight_run3              0022F9 RLA    _level                    002B0D RLA    
_lynx_160_102_16_tgi      002A7D RLA    _lynx_stdjoy_joy          002A6F RLA    
_main                     000511 RLA    _memcpy                   001448 RLA    
_palette                  00292A RLA    _pause                    002B2B RLA    
_rand                     00157A RLA    _result_screen            0005B9 RLA    
_srand                    00156E RLA    _std_functions            0004DC RLA    
_strlen                   0015ED RLA    _tgi_charwidth            002F30 RLA    
_tgi_clear                002A45 REA    _tgi_color                002F27 RLA    
_tgi_colorcount           002F40 RLA    _tgi_curx                 002F23 RLA    
_tgi_cury                 002F25 RLA    _tgi_done                 00188E RLA    
_tgi_error                002F21 RLA    _tgi_flags                002F46 RLA    
_tgi_font                 002F28 RLA    _tgi_fontheight           002F43 RLA    
_tgi_fontwidth            002F42 RLA    _tgi_gettextwidth         00189C RLA    
_tgi_getxres              0018F3 RLA    _tgi_getyres              0018FA RLA    
_tgi_gmode                002F22 RLA    _tgi_init                 001926 RLA    
_tgi_install              001617 RLA    _tgi_ioctl                00197E RLA    
_tgi_outtext              0019C9 RLA    _tgi_outtextxy            001A5A RLA    
_tgi_setcolor             001A7B RLA    _tgi_setpalette           001A8E RLA    
_tgi_settextstyle         001A95 RLA    _tgi_static_stddrv        002A7D RLA    
_tgi_textdir              002F29 RLA    _tgi_textscaleh           002F32 RLA    
_tgi_textscalew           002F2C RLA    _tgi_vectorchar           001B19 RLA    
_tgi_vectorfont           002F2A RLA    _tgi_xmax                 002F38 RLA    
_tgi_xres                 002F3C RLA    _tgi_ymax                 002F3A RLA    
_tgi_yres                 002F3E RLA    _title_screen             000615 RLA    
_toascii                  001BAC RLA    addysp1                   0011DB RLA    
aslax1                    0011E9 RLA    asrax4                    001202 RLA    
bnegax                    00121B RLA    callirq                   0029D6 RLA    
callmain                  001229 RLA    decax1                    00129F RLA    
decaxy                    0012A6 RLA    doneirq                   0012FA RLA    
donelib                   001293 RLA    imul16x16r32              0012AF RLA    
incaxy                    0012DC RLA    incsp2                    0012EC RLA    
initirq                   000489 RLA    initlib                   00047D RLA    
irq_done                  0012FA  LAI   irq_init                  000489  LAI   
joy_libref                000468 RLA    joy_read                  002A26 RLA    
ldax0sp                   001421 RLA    ldaxi                     001414 RLA    
ldaxidx                   001416 RLA    mul8x16                   0014DC RLA    
mul8x16a                  0014E6 RLA    negax                     001518 RLA    
negeax                    00142A RLA    popa                      001526 RLA    
popax                     0012E5 RLA    popptr1                   001530 RLA    
popsargsudiv16            0015A2 RLA    ptr1                      000008 RLZ    
ptr2                      00000A RLZ    ptr3                      00000C RLZ    
ptr4                      00000E RLZ    pusha                     001542 RLA    
pusha0                    001556 RLA    pushax                    001558 RLA    
regbank                   000014 RLZ    shlax4                    0011F1 RLA    
shrax4                    0015C2 RLA    sp                        000000 RLZ    
sreg                      000002 RLZ    staxspidx                 0015D3 RLA    
tgi_clear                 002A45 RLA    tgi_clip_x1               002F4F RLA    
tgi_clip_x2               002F53 RLA    tgi_clip_y1               002F51 RLA    
tgi_clip_y2               002F55 RLA    tgi_clippedline           00175A RLA    
tgi_color_white           00000F REZ    tgi_control               002A42 RLA    
tgi_curtoxy               001879 RLA    tgi_done                  002A3C RLA    
tgi_getdefpalette         002A57 RLA    tgi_geterror              002A3F RLA    
tgi_imulround             001908 RLA    tgi_init                  002A39 RLA    
tgi_inv_arg               00166D RLA    tgi_irq                   002A6C  LAI   
tgi_libref                002A6C RLA    tgi_line                  002A60 RLA    
tgi_outcode               001988 RLA    tgi_outtext               002A69 RLA    
tgi_setcolor              002A4E RLA    tgi_setdrawpage           002A4B RLA    
tgi_setpalette            002A51 RLA    tgi_setviewpage           002A48 RLA    
tmp1                      000010 RLZ    tmp2                      000011 RLZ    
tmp3                      000012 RLZ    tmp4                      000013 RLZ    
tosmoda0                  001484 RLA    tossuba0                  001603 RLA    
tosumodax                 001C31 RLA    tosumulax                 001495 RLA    
udiv16                    001BC0 RLA    udiv32by16r16             001BFE RLA    
umul16x16r32              001C40 RLA    umul16x16r32m             001C44 RLA    
umul8x16r16               001C6C RLA    umul8x16r24               001C6C RLA    
zerobss                   001C97 RLA    


Exports list by value:
----------------------
sp                        000000 RLZ    __STARTUP__               000001 REA    
__DESTRUCTOR_COUNT__      000001 REA    __BLLHDR__                000001 REA    
__CALLIRQ__               000001 REA    __INTERRUPTOR_COUNT__     000001 REA    
__CONSTRUCTOR_COUNT__     000001 REA    sreg                      000002 RLZ    
ptr1                      000008 RLZ    ptr2                      00000A RLZ    
ptr3                      00000C RLZ    ptr4                      00000E RLZ    
tgi_color_white           00000F REZ    tmp1                      000010 RLZ    
tmp2                      000011 RLZ    tmp3                      000012 RLZ    
tmp4                      000013 RLZ    regbank                   000014 RLZ    
__iodat                   00001A RLZ    __iodir                   00001B RLZ    
__viddma                  00001C RLZ    __sprsys                  00001D RLZ    
__MAIN_START__            000400 RLA    _exit                     000468 RLA    
joy_libref                000468 RLA    initlib                   00047D RLA    
initirq                   000489 RLA    irq_init                  000489  LAI   
__CONSTRUCTOR_TABLE__     000496 RLA    _std_functions            0004DC RLA    
__BSS_SIZE__              00050F REA    _main                     000511 RLA    
_result_screen            0005B9 RLA    _title_screen             000615 RLA    
__STACKSIZE__             000800 REA    _game                     00110E RLA    
addysp1                   0011DB RLA    aslax1                    0011E9 RLA    
shlax4                    0011F1 RLA    asrax4                    001202 RLA    
bnegax                    00121B RLA    callmain                  001229 RLA    
_cgetc                    001240 RLA    donelib                   001293 RLA    
decax1                    00129F RLA    decaxy                    0012A6 RLA    
imul16x16r32              0012AF RLA    incaxy                    0012DC RLA    
popax                     0012E5 RLA    incsp2                    0012EC RLA    
irq_done                  0012FA  LAI   doneirq                   0012FA RLA    
_itoa                     001319 RLA    _joy_install              00138F RLA    
_kbhit                    0013DC RLA    ldaxi                     001414 RLA    
ldaxidx                   001416 RLA    ldax0sp                   001421 RLA    
negeax                    00142A RLA    _memcpy                   001448 RLA    
tosmoda0                  001484 RLA    tosumulax                 001495 RLA    
mul8x16                   0014DC RLA    mul8x16a                  0014E6 RLA    
negax                     001518 RLA    popa                      001526 RLA    
popptr1                   001530 RLA    pusha                     001542 RLA    
pusha0                    001556 RLA    pushax                    001558 RLA    
_srand                    00156E RLA    _rand                     00157A RLA    
popsargsudiv16            0015A2 RLA    shrax4                    0015C2 RLA    
staxspidx                 0015D3 RLA    _strlen                   0015ED RLA    
tossuba0                  001603 RLA    _tgi_install              001617 RLA    
tgi_inv_arg               00166D RLA    tgi_clippedline           00175A RLA    
tgi_curtoxy               001879 RLA    _tgi_done                 00188E RLA    
_tgi_gettextwidth         00189C RLA    _tgi_getxres              0018F3 RLA    
_tgi_getyres              0018FA RLA    tgi_imulround             001908 RLA    
_tgi_init                 001926 RLA    _tgi_ioctl                00197E RLA    
tgi_outcode               001988 RLA    _tgi_outtext              0019C9 RLA    
_tgi_outtextxy            001A5A RLA    _tgi_setcolor             001A7B RLA    
_tgi_setpalette           001A8E RLA    _tgi_settextstyle         001A95 RLA    
_tgi_vectorchar           001B19 RLA    _toascii                  001BAC RLA    
udiv16                    001BC0 RLA    udiv32by16r16             001BFE RLA    
tosumodax                 001C31 RLA    umul16x16r32              001C40 RLA    
umul16x16r32m             001C44 RLA    umul8x16r24               001C6C RLA    
umul8x16r16               001C6C RLA    zerobss                   001C97 RLA    
_knight_run0              0020C6 RLA    _knight_run1              002182 RLA    
_knight_run2              00223F RLA    _knight_run3              0022F9 RLA    
_floor_1                  0023B1 RLA    _floor_2                  002401 RLA    
_floor_3                  002470 RLA    _floor_4                  0024D1 RLA    
_floor_spikes             002538 RLA    __hextab                  0025B7 RLA    
__DESTRUCTOR_TABLE__      002926 RLA    __INTERRUPTOR_TABLE__     002928 RLA    
_palette                  00292A RLA    callirq                   0029D6 RLA    
_joy_read                 002A26 REA    joy_read                  002A26 RLA    
KBEDG                     002A2B RLA    KBSTL                     002A2C RLA    
tgi_init                  002A39 RLA    tgi_done                  002A3C RLA    
tgi_geterror              002A3F RLA    tgi_control               002A42 RLA    
tgi_clear                 002A45 RLA    _tgi_clear                002A45 REA    
tgi_setviewpage           002A48 RLA    tgi_setdrawpage           002A4B RLA    
tgi_setcolor              002A4E RLA    tgi_setpalette            002A51 RLA    
tgi_getdefpalette         002A57 RLA    tgi_line                  002A60 RLA    
tgi_outtext               002A69 RLA    tgi_libref                002A6C RLA    
tgi_irq                   002A6C  LAI   _lynx_stdjoy_joy          002A6F RLA    
_joy_static_stddrv        002A6F RLA    _tgi_static_stddrv        002A7D RLA    
_lynx_160_102_16_tgi      002A7D RLA    __BSS_RUN__               002B0D RLA    
__BSS_LOAD__              002B0D RLA    _level                    002B0D RLA    
_pause                    002B2B RLA    _tgi_error                002F21 RLA    
_tgi_gmode                002F22 RLA    _tgi_curx                 002F23 RLA    
_tgi_cury                 002F25 RLA    _tgi_color                002F27 RLA    
_tgi_font                 002F28 RLA    _tgi_textdir              002F29 RLA    
_tgi_vectorfont           002F2A RLA    _tgi_textscalew           002F2C RLA    
_tgi_charwidth            002F30 RLA    _tgi_textscaleh           002F32 RLA    
_tgi_xmax                 002F38 RLA    _tgi_ymax                 002F3A RLA    
_tgi_xres                 002F3C RLA    _tgi_yres                 002F3E RLA    
_tgi_colorcount           002F40 RLA    _tgi_fontwidth            002F42 RLA    
_tgi_fontheight           002F43 RLA    _tgi_flags                002F46 RLA    
tgi_clip_x1               002F4F RLA    tgi_clip_y1               002F51 RLA    
tgi_clip_x2               002F53 RLA    tgi_clip_y2               002F55 RLA    
__MAIN_SIZE__             00B438 REA    


Imports list:
-------------
KBEDG (kbhit.o):
    cgetc.o                   lynx/cgetc.s:9
KBSTL (kbhit.o):
    cgetc.o                   lynx/cgetc.s:10
__BLLHDR__ (bllhdr.o):
    [linker generated]        C:\dev\cc65\cfg/lynx-bll.cfg:6
__BSS_LOAD__ ([linker generated]):
    bllhdr.o                  lynx/bllhdr.s:6
__BSS_RUN__ ([linker generated]):
    zerobss.o                 common/zerobss.s:8
__BSS_SIZE__ ([linker generated]):
    zerobss.o                 common/zerobss.s:8
__CALLIRQ__ (callirq.o):
    tgi_irq.o                 lynx/tgi_irq.s:11
__CONSTRUCTOR_COUNT__ ([linker generated]):
    condes.o                  runtime/condes.s:18
__CONSTRUCTOR_TABLE__ ([linker generated]):
    condes.o                  runtime/condes.s:18
__DESTRUCTOR_COUNT__ ([linker generated]):
    condes.o                  runtime/condes.s:19
__DESTRUCTOR_TABLE__ ([linker generated]):
    condes.o                  runtime/condes.s:19
__INTERRUPTOR_COUNT__ ([linker generated]):
    callirq.o                 runtime/callirq.s:36
__INTERRUPTOR_TABLE__ ([linker generated]):
    callirq.o                 runtime/callirq.s:36
__MAIN_SIZE__ ([linker generated]):
    crt0.o                    lynx/crt0.s:25
__MAIN_START__ ([linker generated]):
    crt0.o                    lynx/crt0.s:25
    bllhdr.o                  lynx/bllhdr.s:7
__STACKSIZE__ ([linker generated]):
    crt0.o                    lynx/crt0.s:25
    [linker generated]        C:\dev\cc65\cfg/lynx-bll.cfg:11
__STARTUP__ (crt0.o):
    main.o                    main.s:13
__hextab (_hextab.o):
    itoa.o                    common/itoa.s:10
__iodat (extzp.o):
    crt0.o                    lynx/extzp.inc:11
__iodir (extzp.o):
    crt0.o                    lynx/extzp.inc:12
__sprsys (extzp.o):
    lynx-160-102-16-tgi.o     lynx/tgi/../extzp.inc:14
    crt0.o                    lynx/extzp.inc:14
__viddma (extzp.o):
    lynx-160-102-16-tgi.o     lynx/tgi/../extzp.inc:13
    crt0.o                    lynx/extzp.inc:13
_cgetc (cgetc.o):
    main.o                    main.s:22
_exit (crt0.o):
    libref.o                  lynx/libref.s:6
_floor_1 (floor_1.o):
    game.o                    game.s:40
_floor_2 (floor_2.o):
    game.o                    game.s:41
_floor_3 (floor_3.o):
    game.o                    game.s:42
_floor_4 (floor_4.o):
    game.o                    game.s:43
_floor_spikes (floor_spikes.o):
    game.o                    game.s:44
_game (game.o):
    main.o                    main.s:26
_itoa (itoa.o):
    game.o                    game.s:22
    result_screen.o           result_screen.s:16
_joy_install (joy-kernel.o):
    main.o                    main.s:24
_joy_read (joy_read.o):
    game.o                    game.s:23
    title_screen.o            title_screen.s:18
    result_screen.o           result_screen.s:17
_joy_static_stddrv (joy_stat_stddrv.o):
    main.o                    main.s:23
_kbhit (kbhit.o):
    cgetc.o                   lynx/cgetc.s:8
    main.o                    main.s:21
_knight_run0 (knight_run0.o):
    game.o                    game.s:36
_knight_run1 (knight_run1.o):
    game.o                    game.s:37
_knight_run2 (knight_run2.o):
    game.o                    game.s:38
_knight_run3 (knight_run3.o):
    game.o                    game.s:39
_level (main.o):
    game.o                    game.s:25
    result_screen.o           result_screen.s:18
_lynx_160_102_16_tgi (lynx-160-102-16-tgi.o):
    tgi_stat_stddrv.o         lynx/tgi_stat_stddrv.s:10
_lynx_stdjoy_joy (lynx-stdjoy-joy.o):
    joy_stat_stddrv.o         lynx/joy_stat_stddrv.s:10
_main (main.o):
    callmain.o                runtime/callmain.s:11
_memcpy (memcpy.o):
    game.o                    game.s:2166
_palette (main.o):
    game.o                    game.s:32
_pause (game.o):
    main.o                    main.s:28
_rand (rand.o):
    game.o                    game.s:21
_result_screen (result_screen.o):
    main.o                    main.s:27
_srand (rand.o):
    title_screen.o            title_screen.s:17
_std_functions (main.o):
    game.o                    game.s:24
    title_screen.o            title_screen.s:19
    result_screen.o           result_screen.s:19
_strlen (strlen.o):
    tgi_gettextwidth.o        tgi/tgi_gettextwidth.s:10
_tgi_charwidth (tgi-kernel.o):
    tgi_gettextwidth.o        /home/runner/work/cc65/cc65/asminc/tgi-kernel.inc:126
_tgi_clear (tgi_clear.o):
    game.o                    game.s:16
    title_screen.o            title_screen.s:13
    result_screen.o           result_screen.s:13
    main.o                    main.s:17
_tgi_color (tgi-kernel.o):
    tgi_setcolor.o            /home/runner/work/cc65/cc65/asminc/tgi-kernel.inc:120
_tgi_colorcount (tgi-kernel.o):
    tgi_setcolor.o            /home/runner/work/cc65/cc65/asminc/tgi-kernel.inc:132
_tgi_curx (tgi-kernel.o):
    tgi_curtoxy.o             /home/runner/work/cc65/cc65/asminc/tgi-kernel.inc:118
    tgi_vectorchar.o          /home/runner/work/cc65/cc65/asminc/tgi-kernel.inc:118
    tgi_outtext.o             /home/runner/work/cc65/cc65/asminc/tgi-kernel.inc:118
    tgi_outtextxy.o           /home/runner/work/cc65/cc65/asminc/tgi-kernel.inc:118
_tgi_cury (tgi-kernel.o):
    tgi_curtoxy.o             /home/runner/work/cc65/cc65/asminc/tgi-kernel.inc:119
    tgi_outtextxy.o           /home/runner/work/cc65/cc65/asminc/tgi-kernel.inc:119
_tgi_done (tgi_done.o):
    tgi_init.o                /home/runner/work/cc65/cc65/asminc/tgi-kernel.inc:193
    tgi-kernel.o              /home/runner/work/cc65/cc65/asminc/tgi-kernel.inc:193
_tgi_error (tgi-kernel.o):
    tgi_init.o                /home/runner/work/cc65/cc65/asminc/tgi-kernel.inc:116
_tgi_flags (tgi-kernel.o):
    tgi_settextstyle.o        /home/runner/work/cc65/cc65/asminc/tgi-kernel.inc:137
_tgi_font (tgi-kernel.o):
    tgi_gettextwidth.o        /home/runner/work/cc65/cc65/asminc/tgi-kernel.inc:121
    tgi_outtext.o             /home/runner/work/cc65/cc65/asminc/tgi-kernel.inc:121
    tgi_settextstyle.o        /home/runner/work/cc65/cc65/asminc/tgi-kernel.inc:121
_tgi_fontheight (tgi-kernel.o):
    tgi_settextstyle.o        /home/runner/work/cc65/cc65/asminc/tgi-kernel.inc:135
_tgi_fontwidth (tgi-kernel.o):
    tgi_settextstyle.o        /home/runner/work/cc65/cc65/asminc/tgi-kernel.inc:134
_tgi_gettextwidth (tgi_gettextwidth.o):
    tgi_outtext.o             /home/runner/work/cc65/cc65/asminc/tgi-kernel.inc:208
_tgi_getxres (tgi_getxres.o):
    tgi_init.o                /home/runner/work/cc65/cc65/asminc/tgi-kernel.inc:209
_tgi_getyres (tgi_getyres.o):
    tgi_init.o                /home/runner/work/cc65/cc65/asminc/tgi-kernel.inc:210
_tgi_gmode (tgi-kernel.o):
    tgi_init.o                /home/runner/work/cc65/cc65/asminc/tgi-kernel.inc:117
    tgi_done.o                /home/runner/work/cc65/cc65/asminc/tgi-kernel.inc:117
_tgi_init (tgi_init.o):
    game.o                    game.s:15
    main.o                    main.s:16
_tgi_install (tgi-kernel.o):
    game.o                    game.s:14
    main.o                    main.s:15
_tgi_ioctl (tgi_ioctl.o):
    game.o                    game.s:20
    title_screen.o            title_screen.s:16
    result_screen.o           result_screen.s:15
    main.o                    main.s:20
_tgi_outtext (tgi_outtext.o):
    tgi_outtextxy.o           /home/runner/work/cc65/cc65/asminc/tgi-kernel.inc:220
_tgi_outtextxy (tgi_outtextxy.o):
    game.o                    game.s:19
    title_screen.o            title_screen.s:15
    result_screen.o           result_screen.s:14
_tgi_setcolor (tgi_setcolor.o):
    tgi_init.o                /home/runner/work/cc65/cc65/asminc/tgi-kernel.inc:224
    game.o                    game.s:17
    title_screen.o            title_screen.s:14
    main.o                    main.s:18
_tgi_setpalette (tgi_setpalette.o):
    game.o                    game.s:18
    main.o                    main.s:19
_tgi_settextstyle (tgi_settextstyle.o):
    tgi_init.o                /home/runner/work/cc65/cc65/asminc/tgi-kernel.inc:230
_tgi_static_stddrv (tgi_stat_stddrv.o):
    game.o                    game.s:13
    main.o                    main.s:14
_tgi_textdir (tgi-kernel.o):
    tgi_vectorchar.o          /home/runner/work/cc65/cc65/asminc/tgi-kernel.inc:122
    tgi_outtext.o             /home/runner/work/cc65/cc65/asminc/tgi-kernel.inc:122
    tgi_settextstyle.o        /home/runner/work/cc65/cc65/asminc/tgi-kernel.inc:122
_tgi_textscaleh (tgi-kernel.o):
    tgi_vectorchar.o          /home/runner/work/cc65/cc65/asminc/tgi-kernel.inc:125
_tgi_textscalew (tgi-kernel.o):
    tgi_gettextwidth.o        /home/runner/work/cc65/cc65/asminc/tgi-kernel.inc:124
    tgi_vectorchar.o          /home/runner/work/cc65/cc65/asminc/tgi-kernel.inc:124
    tgi_outtext.o             /home/runner/work/cc65/cc65/asminc/tgi-kernel.inc:124
    tgi_settextstyle.o        /home/runner/work/cc65/cc65/asminc/tgi-kernel.inc:124
_tgi_vectorchar (tgi_vectorchar.o):
    tgi_outtext.o             /home/runner/work/cc65/cc65/asminc/tgi-vectorfont.inc:67
_tgi_vectorfont (tgi-kernel.o):
    tgi_gettextwidth.o        /home/runner/work/cc65/cc65/asminc/tgi-kernel.inc:123
    tgi_vectorchar.o          /home/runner/work/cc65/cc65/asminc/tgi-kernel.inc:123
    tgi_outtext.o             /home/runner/work/cc65/cc65/asminc/tgi-kernel.inc:123
_tgi_xmax (tgi-kernel.o):
    tgi_clippedline.o         /home/runner/work/cc65/cc65/asminc/tgi-kernel.inc:130
    tgi_init.o                /home/runner/work/cc65/cc65/asminc/tgi-kernel.inc:130
_tgi_xres (tgi-kernel.o):
    tgi_outcode.o             /home/runner/work/cc65/cc65/asminc/tgi-kernel.inc:128
    tgi_getxres.o             /home/runner/work/cc65/cc65/asminc/tgi-kernel.inc:128
_tgi_ymax (tgi-kernel.o):
    tgi_clippedline.o         /home/runner/work/cc65/cc65/asminc/tgi-kernel.inc:131
    tgi_init.o                /home/runner/work/cc65/cc65/asminc/tgi-kernel.inc:131
_tgi_yres (tgi-kernel.o):
    tgi_outcode.o             /home/runner/work/cc65/cc65/asminc/tgi-kernel.inc:129
    tgi_getyres.o             /home/runner/work/cc65/cc65/asminc/tgi-kernel.inc:129
_title_screen (title_screen.o):
    main.o                    main.s:25
_toascii (toascii.o):
    tgi_gettextwidth.o        tgi/tgi_gettextwidth.s:10
    tgi_outtext.o             tgi/tgi_outtext.s:12
addysp1 (addysp.o):
    tgi_outtextxy.o           tgi/tgi_outtextxy.s:10
    sub.o                     runtime/sub.s:8
    itoa.o                    common/itoa.s:9
aslax1 (aslax1.o):
    game.o                    game.s:2166
    game.o                    game.s:2166
    game.o                    game.s:2166
    game.o                    game.s:2166
asrax4 (asrax4.o):
    game.o                    game.s:2166
bnegax (bneg.o):
    main.o                    main.s:262
callirq (callirq.o):
    irq.o                     lynx/irq.s:6
callmain (callmain.o):
    crt0.o                    lynx/crt0.s:23
decax1 (decax1.o):
    tgi_init.o                tgi/tgi_init.s:11
    game.o                    game.s:2166
decaxy (decaxy.o):
    game.o                    game.s:2166
doneirq (irq.o):
    callirq.o                 runtime/callirq.s:38
donelib (condes.o):
    crt0.o                    lynx/crt0.s:21
imul16x16r32 (imul16x16r32.o):
    tgi_imulround.o           tgi/tgi_imulround.s:14
incaxy (incaxy.o):
    game.o                    game.s:2166
    game.o                    game.s:2166
incsp2 (incsp2.o):
    staxspi.o                 runtime/staxspi.s:9
    popptr1.o                 runtime/popptr1.s:8
    game.o                    game.s:2166
    game.o                    game.s:2166
initirq (irq.o):
    callirq.o                 runtime/callirq.s:37
initlib (condes.o):
    crt0.o                    lynx/crt0.s:21
joy_libref (libref.o):
    joy-kernel.o              joystick/joy-kernel.s:7
joy_read (joy-kernel.o):
    joy_read.o                /home/runner/work/cc65/cc65/asminc/joy-kernel.inc:71
ldax0sp (ldaxsp.o):
    game.o                    game.s:2166
ldaxi (ldaxi.o):
    game.o                    game.s:2166
    game.o                    game.s:2166
    game.o                    game.s:2166
ldaxidx (ldaxi.o):
    game.o                    game.s:2166
    game.o                    game.s:2166
mul8x16 (mul8.o):
    mul.o                     runtime/mul.s:8
mul8x16a (mul8.o):
    mul.o                     runtime/mul.s:8
negax (negabs.o):
    imul16x16r32.o            runtime/imul16x16r32.s:8
    tgi_clippedline.o         tgi/tgi_clippedline.s:9
    tgi_outtext.o             tgi/tgi_outtext.s:13
    shelp.o                   runtime/shelp.s:11
    mod.o                     runtime/mod.s:11
negeax (lneg.o):
    imul16x16r32.o            runtime/imul16x16r32.s:8
popa (popa.o):
    tgi_settextstyle.o        tgi/tgi_settextstyle.s:10
    tgi_ioctl.o               tgi/tgi_ioctl.s:13
popax (incsp2.o):
    tgi_imulround.o           tgi/tgi_imulround.s:14
    tgi_settextstyle.o        tgi/tgi_settextstyle.s:10
    shelp.o                   runtime/shelp.s:11
    memcpy.o                  common/memcpy.s:14
popptr1 (popptr1.o):
    umod.o                    runtime/umod.s:8
    udiv.o                    runtime/udiv.s:9
    mul8.o                    runtime/mul8.s:9
    mul.o                     runtime/mul.s:9
    memcpy.o                  common/memcpy.s:14
popsargsudiv16 (shelp.o):
    mod.o                     runtime/mod.s:11
ptr1 (zeropage.o):
    imul16x16r32.o            /home/runner/work/cc65/cc65/asminc/zeropage.inc:12
    umul16x16r32.o            /home/runner/work/cc65/cc65/asminc/zeropage.inc:12
    udiv32by16r16.o           /home/runner/work/cc65/cc65/asminc/zeropage.inc:12
    tgi_imulround.o           /home/runner/work/cc65/cc65/asminc/zeropage.inc:12
    tgi_gettextwidth.o        /home/runner/work/cc65/cc65/asminc/zeropage.inc:12
    tgi_curtoxy.o             tgi/tgi_curtoxy.s:9
    tgi_clippedline.o         /home/runner/work/cc65/cc65/asminc/zeropage.inc:12
    tgi_vectorchar.o          /home/runner/work/cc65/cc65/asminc/zeropage.inc:12
    tgi_outtext.o             /home/runner/work/cc65/cc65/asminc/zeropage.inc:12
    lynx-160-102-16-tgi.o     /home/runner/work/cc65/cc65/asminc/zeropage.inc:12
    zerobss.o                 common/zerobss.s:9
    umul8x16r24.o             /home/runner/work/cc65/cc65/asminc/zeropage.inc:12
    udiv.o                    runtime/udiv.s:10
    tgi_settextstyle.o        /home/runner/work/cc65/cc65/asminc/zeropage.inc:12
    tgi_setpalette.o          tgi/tgi_setpalette.s:12
    tgi_ioctl.o               tgi/tgi_ioctl.s:14
    tgi_init.o                tgi/tgi_init.s:12
    tgi-kernel.o              tgi/tgi-kernel.s:8
    staxspi.o                 runtime/staxspi.s:10
    shelp.o                   runtime/shelp.s:12
    popptr1.o                 runtime/popptr1.s:9
    mul8.o                    runtime/mul8.s:10
    mul.o                     runtime/mul.s:10
    memcpy.o                  common/memcpy.s:15
    ldaxi.o                   runtime/ldaxi.s:8
    joy-kernel.o              joystick/joy-kernel.s:8
    game.o                    game.s:11
ptr2 (zeropage.o):
    strlen.o                  common/strlen.s:12
    udiv32by16r16.o           /home/runner/work/cc65/cc65/asminc/zeropage.inc:12
    tgi_gettextwidth.o        /home/runner/work/cc65/cc65/asminc/zeropage.inc:12
    tgi_curtoxy.o             tgi/tgi_curtoxy.s:9
    tgi_clippedline.o         /home/runner/work/cc65/cc65/asminc/zeropage.inc:12
    lynx-160-102-16-tgi.o     /home/runner/work/cc65/cc65/asminc/zeropage.inc:12
    memcpy.o                  common/memcpy.s:15
    itoa.o                    common/itoa.s:11
ptr3 (zeropage.o):
    imul16x16r32.o            /home/runner/work/cc65/cc65/asminc/zeropage.inc:12
    umul16x16r32.o            /home/runner/work/cc65/cc65/asminc/zeropage.inc:12
    udiv32by16r16.o           /home/runner/work/cc65/cc65/asminc/zeropage.inc:12
    tgi_gettextwidth.o        /home/runner/work/cc65/cc65/asminc/zeropage.inc:12
    tgi_outtext.o             /home/runner/work/cc65/cc65/asminc/zeropage.inc:12
    lynx-160-102-16-tgi.o     /home/runner/work/cc65/cc65/asminc/zeropage.inc:12
    umul8x16r24.o             /home/runner/work/cc65/cc65/asminc/zeropage.inc:12
    memcpy.o                  common/memcpy.s:15
    itoa.o                    common/itoa.s:11
ptr4 (zeropage.o):
    lynx-160-102-16-tgi.o     /home/runner/work/cc65/cc65/asminc/zeropage.inc:12
    umod.o                    runtime/umod.s:9
    udiv.o                    runtime/udiv.s:10
    shelp.o                   runtime/shelp.s:12
    mul8.o                    runtime/mul8.s:10
    mul.o                     runtime/mul.s:10
pusha (pusha.o):
    tgi_init.o                tgi/tgi_init.s:11
    game.o                    game.s:2166
    game.o                    game.s:2166
    game.o                    game.s:2166
    title_screen.o            title_screen.s:251
    result_screen.o           result_screen.s:212
    result_screen.o           result_screen.s:212
    main.o                    main.s:262
    main.o                    main.s:262
pusha0 (pushax.o):
    game.o                    game.s:2166
    title_screen.o            title_screen.s:251
    result_screen.o           result_screen.s:212
pushax (pushax.o):
    callmain.o                runtime/callmain.s:11
    tgi_init.o                tgi/tgi_init.s:11
    game.o                    game.s:2166
    game.o                    game.s:2166
    game.o                    game.s:2166
    game.o                    game.s:2166
    game.o                    game.s:2166
    result_screen.o           result_screen.s:212
regbank (zeropage.o):
    tgi_vectorchar.o          /home/runner/work/cc65/cc65/asminc/zeropage.inc:14
    tgi_outtext.o             /home/runner/work/cc65/cc65/asminc/zeropage.inc:14
shlax4 (aslax4.o):
    game.o                    game.s:2166
shrax4 (shrax4.o):
    game.o                    game.s:2166
sp (zeropage.o):
    popa.o                    runtime/popa.s:8
    addysp.o                  runtime/addysp.s:8
    tgi_outtextxy.o           tgi/tgi_outtextxy.s:11
    sub.o                     runtime/sub.s:9
    staxspi.o                 runtime/staxspi.s:10
    pushax.o                  runtime/pushax.s:8
    pusha.o                   runtime/pusha.s:8
    popptr1.o                 runtime/popptr1.s:9
    memcpy.o                  common/memcpy.s:15
    ldaxsp.o                  runtime/ldaxsp.s:8
    itoa.o                    common/itoa.s:11
    incsp2.o                  runtime/incsp2.s:8
    crt0.o                    /home/runner/work/cc65/cc65/asminc/zeropage.inc:11
    game.o                    game.s:10
sreg (zeropage.o):
    lneg.o                    runtime/lneg.s:11
    umul16x16r32.o            /home/runner/work/cc65/cc65/asminc/zeropage.inc:11
    udiv32by16r16.o           /home/runner/work/cc65/cc65/asminc/zeropage.inc:11
    tgi_imulround.o           /home/runner/work/cc65/cc65/asminc/zeropage.inc:11
    tgi_clippedline.o         /home/runner/work/cc65/cc65/asminc/zeropage.inc:11
    umul8x16r24.o             /home/runner/work/cc65/cc65/asminc/zeropage.inc:11
    umod.o                    runtime/umod.s:9
    udiv.o                    runtime/udiv.s:10
    mod.o                     runtime/mod.s:12
    itoa.o                    common/itoa.s:11
staxspidx (staxspi.o):
    game.o                    game.s:2166
    game.o                    game.s:2166
    game.o                    game.s:2166
tgi_clear (tgi-kernel.o):
    tgi_clear.o               /home/runner/work/cc65/cc65/asminc/tgi-kernel.inc:156
tgi_clip_x1 (tgi_outcode.o):
    tgi_clippedline.o         /home/runner/work/cc65/cc65/asminc/tgi-kernel.inc:142
    tgi_vectorchar.o          /home/runner/work/cc65/cc65/asminc/tgi-kernel.inc:142
tgi_clip_x2 (tgi_outcode.o):
    tgi_clippedline.o         /home/runner/work/cc65/cc65/asminc/tgi-kernel.inc:144
tgi_clip_y1 (tgi_outcode.o):
    tgi_clippedline.o         /home/runner/work/cc65/cc65/asminc/tgi-kernel.inc:143
tgi_clip_y2 (tgi_outcode.o):
    tgi_clippedline.o         /home/runner/work/cc65/cc65/asminc/tgi-kernel.inc:145
tgi_clippedline (tgi_clippedline.o):
    tgi_vectorchar.o          /home/runner/work/cc65/cc65/asminc/tgi-kernel.inc:174
tgi_color_white (tgi_colors.o):
    tgi_init.o                /home/runner/work/cc65/cc65/asminc/tgi-kernel.inc:110
tgi_control (tgi-kernel.o):
    tgi_ioctl.o               /home/runner/work/cc65/cc65/asminc/tgi-kernel.inc:155
tgi_curtoxy (tgi_curtoxy.o):
    tgi_outtext.o             /home/runner/work/cc65/cc65/asminc/tgi-kernel.inc:175
tgi_done (tgi-kernel.o):
    tgi_done.o                /home/runner/work/cc65/cc65/asminc/tgi-kernel.inc:153
tgi_getdefpalette (tgi-kernel.o):
    tgi_init.o                /home/runner/work/cc65/cc65/asminc/tgi-kernel.inc:162
tgi_geterror (tgi-kernel.o):
    tgi_init.o                /home/runner/work/cc65/cc65/asminc/tgi-kernel.inc:154
tgi_imulround (tgi_imulround.o):
    tgi_gettextwidth.o        /home/runner/work/cc65/cc65/asminc/tgi-kernel.inc:177
    tgi_vectorchar.o          /home/runner/work/cc65/cc65/asminc/tgi-kernel.inc:177
    tgi_outtext.o             /home/runner/work/cc65/cc65/asminc/tgi-kernel.inc:177
tgi_init (tgi-kernel.o):
    tgi_init.o                /home/runner/work/cc65/cc65/asminc/tgi-kernel.inc:152
tgi_inv_arg (tgi-kernel.o):
    tgi_setcolor.o            /home/runner/work/cc65/cc65/asminc/tgi-kernel.inc:178
tgi_libref (tgi_irq.o):
    tgi-kernel.o              tgi/tgi-kernel.s:7
tgi_line (tgi-kernel.o):
    tgi_clippedline.o         /home/runner/work/cc65/cc65/asminc/tgi-kernel.inc:165
tgi_outcode (tgi_outcode.o):
    tgi_clippedline.o         /home/runner/work/cc65/cc65/asminc/tgi-kernel.inc:181
tgi_outtext (tgi-kernel.o):
    tgi_outtext.o             /home/runner/work/cc65/cc65/asminc/tgi-kernel.inc:168
tgi_setcolor (tgi-kernel.o):
    tgi_setcolor.o            /home/runner/work/cc65/cc65/asminc/tgi-kernel.inc:159
tgi_setdrawpage (tgi-kernel.o):
    tgi_init.o                /home/runner/work/cc65/cc65/asminc/tgi-kernel.inc:158
tgi_setpalette (tgi-kernel.o):
    tgi_setpalette.o          /home/runner/work/cc65/cc65/asminc/tgi-kernel.inc:160
    tgi_init.o                /home/runner/work/cc65/cc65/asminc/tgi-kernel.inc:160
tgi_setviewpage (tgi-kernel.o):
    tgi_init.o                /home/runner/work/cc65/cc65/asminc/tgi-kernel.inc:157
tmp1 (zeropage.o):
    imul16x16r32.o            /home/runner/work/cc65/cc65/asminc/zeropage.inc:13
    tgi_outcode.o             /home/runner/work/cc65/cc65/asminc/zeropage.inc:13
    tgi_clippedline.o         /home/runner/work/cc65/cc65/asminc/zeropage.inc:13
    lynx-160-102-16-tgi.o     /home/runner/work/cc65/cc65/asminc/zeropage.inc:13
    staxspi.o                 runtime/staxspi.s:10
    shrax4.o                  runtime/shrax4.s:8
    shelp.o                   runtime/shelp.s:12
    mul.o                     runtime/mul.s:10
    mod.o                     runtime/mod.s:12
    itoa.o                    common/itoa.s:11
    incaxy.o                  runtime/incaxy.s:8
    decaxy.o                  runtime/decaxy.s:8
    asrax4.o                  runtime/asrax4.s:9
    aslax4.o                  runtime/aslax4.s:8
    aslax1.o                  runtime/aslax1.s:8
    game.o                    game.s:11
    title_screen.o            title_screen.s:11
    result_screen.o           result_screen.s:11
    main.o                    main.s:11
tmp2 (zeropage.o):
    lynx-160-102-16-tgi.o     /home/runner/work/cc65/cc65/asminc/zeropage.inc:13
    shelp.o                   runtime/shelp.s:12
tmp3 (zeropage.o):
    lynx-160-102-16-tgi.o     /home/runner/work/cc65/cc65/asminc/zeropage.inc:13
tmp4 (zeropage.o):
    lynx-160-102-16-tgi.o     /home/runner/work/cc65/cc65/asminc/zeropage.inc:13
tosmoda0 (mod.o):
    game.o                    game.s:2166
tossuba0 (sub.o):
    game.o                    game.s:2166
tosumodax (umod.o):
    game.o                    game.s:2166
tosumulax (mul.o):
    game.o                    game.s:2166
    game.o                    game.s:2166
udiv16 (udiv.o):
    umod.o                    runtime/umod.s:8
    shelp.o                   runtime/shelp.s:11
udiv32by16r16 (udiv32by16r16.o):
    tgi_clippedline.o         tgi/tgi_clippedline.s:8
umul16x16r32 (umul16x16r32.o):
    tgi_clippedline.o         tgi/tgi_clippedline.s:8
umul16x16r32m (umul16x16r32.o):
    imul16x16r32.o            runtime/imul16x16r32.s:8
umul8x16r16 (umul8x16r24.o):
    tgi_gettextwidth.o        tgi/tgi_gettextwidth.s:11
umul8x16r24 (umul8x16r24.o):
    tgi_settextstyle.o        tgi/tgi_settextstyle.s:9
zerobss (zerobss.o):
    crt0.o                    lynx/crt0.s:22

