Modules list:
-------------
main.o:
    CODE              Offs=000000  Size=000087  Align=00001  Fill=0000
    BSS               Offs=000000  Size=000002  Align=00001  Fill=0000
    DATA              Offs=000000  Size=000020  Align=00001  Fill=0000
result_screen.o:
    CODE              Offs=000087  Size=0000C4  Align=00001  Fill=0000
    RODATA            Offs=000000  Size=000025  Align=00001  Fill=0000
    BSS               Offs=000002  Size=000017  Align=00001  Fill=0000
title_screen.o:
    CODE              Offs=00014B  Size=0000F2  Align=00001  Fill=0000
    RODATA            Offs=000025  Size=00002C  Align=00001  Fill=0000
    BSS               Offs=000019  Size=000003  Align=00001  Fill=0000
    DATA              Offs=000020  Size=000002  Align=00001  Fill=0000
game.o:
    CODE              Offs=00023D  Size=0009A3  Align=00001  Fill=0000
    RODATA            Offs=000051  Size=00000C  Align=00001  Fill=0000
    BSS               Offs=00001C  Size=0003D2  Align=00001  Fill=0000
    DATA              Offs=000022  Size=00008A  Align=00001  Fill=0000
knight_run0.o:
    RODATA            Offs=00005D  Size=0000BC  Align=00001  Fill=0000
knight_run1.o:
    RODATA            Offs=000119  Size=0000BD  Align=00001  Fill=0000
knight_run2.o:
    RODATA            Offs=0001D6  Size=0000BA  Align=00001  Fill=0000
knight_run3.o:
    RODATA            Offs=000290  Size=0000B8  Align=00001  Fill=0000
floor_1.o:
    RODATA            Offs=000348  Size=000050  Align=00001  Fill=0000
floor_2.o:
    RODATA            Offs=000398  Size=00006F  Align=00001  Fill=0000
floor_3.o:
    RODATA            Offs=000407  Size=000061  Align=00001  Fill=0000
floor_4.o:
    RODATA            Offs=000468  Size=000067  Align=00001  Fill=0000
C:\dev\cc65\lib/lynx.lib(_hextab.o):
    RODATA            Offs=0004CF  Size=000010  Align=00001  Fill=0000
C:\dev\cc65\lib/lynx.lib(addysp.o):
    CODE              Offs=000BE0  Size=00000E  Align=00001  Fill=0000
C:\dev\cc65\lib/lynx.lib(aslax1.o):
    CODE              Offs=000BEE  Size=000008  Align=00001  Fill=0000
C:\dev\cc65\lib/lynx.lib(aslax4.o):
    CODE              Offs=000BF6  Size=000011  Align=00001  Fill=0000
C:\dev\cc65\lib/lynx.lib(bllhdr.o):
    BLLHDR            Offs=000000  Size=00000A  Align=00001  Fill=0000
C:\dev\cc65\lib/lynx.lib(bneg.o):
    CODE              Offs=000C07  Size=00000E  Align=00001  Fill=0000
C:\dev\cc65\lib/lynx.lib(callirq.o):
    DATA              Offs=0000AC  Size=00001E  Align=00001  Fill=0000
C:\dev\cc65\lib/lynx.lib(callmain.o):
    CODE              Offs=000C15  Size=000017  Align=00001  Fill=0000
    DATA              Offs=0000CA  Size=000004  Align=00001  Fill=0000
C:\dev\cc65\lib/lynx.lib(cgetc.o):
    CODE              Offs=000C2C  Size=000053  Align=00001  Fill=0000
C:\dev\cc65\lib/lynx.lib(condes.o):
    CODE              Offs=000C7F  Size=00000C  Align=00001  Fill=0000
    DATA              Offs=0000CE  Size=000025  Align=00001  Fill=0000
    ONCE              Offs=000000  Size=00000C  Align=00001  Fill=0000
C:\dev\cc65\lib/lynx.lib(crt0.o):
    RODATA            Offs=0004DF  Size=00002C  Align=00001  Fill=0000
    STARTUP           Offs=000000  Size=00006D  Align=00001  Fill=0000
C:\dev\cc65\lib/lynx.lib(decax1.o):
    CODE              Offs=000C8B  Size=000007  Align=00001  Fill=0000
C:\dev\cc65\lib/lynx.lib(extzp.o):
    EXTZP             Offs=000000  Size=000011  Align=00001  Fill=0000
C:\dev\cc65\lib/lynx.lib(imul16x16r32.o):
    CODE              Offs=000C92  Size=00002B  Align=00001  Fill=0000
C:\dev\cc65\lib/lynx.lib(incaxy.o):
    CODE              Offs=000CBD  Size=00000B  Align=00001  Fill=0000
C:\dev\cc65\lib/lynx.lib(incsp2.o):
    CODE              Offs=000CC8  Size=000015  Align=00001  Fill=0000
C:\dev\cc65\lib/lynx.lib(irq.o):
    CODE              Offs=000CDD  Size=000001  Align=00001  Fill=0000
    ONCE              Offs=00000C  Size=00000D  Align=00001  Fill=0000
    LOWCODE           Offs=000000  Size=000010  Align=00001  Fill=0000
C:\dev\cc65\lib/lynx.lib(itoa.o):
    CODE              Offs=000CDE  Size=000094  Align=00001  Fill=0000
    RODATA            Offs=00050B  Size=000007  Align=00001  Fill=0000
C:\dev\cc65\lib/lynx.lib(joy-kernel.o):
    CODE              Offs=000D72  Size=00004D  Align=00001  Fill=0000
    RODATA            Offs=000512  Size=000004  Align=00001  Fill=0000
    BSS               Offs=0003EE  Size=000002  Align=00001  Fill=0000
    DATA              Offs=0000F3  Size=00000C  Align=00001  Fill=0000
C:\dev\cc65\lib/lynx.lib(joy_read.o):
C:\dev\cc65\lib/lynx.lib(joy_stat_stddrv.o):
C:\dev\cc65\lib/lynx.lib(kbhit.o):
    CODE              Offs=000DBF  Size=000038  Align=00001  Fill=0000
    DATA              Offs=0000FF  Size=000006  Align=00001  Fill=0000
C:\dev\cc65\lib/lynx.lib(ldaxi.o):
    CODE              Offs=000DF7  Size=00000D  Align=00001  Fill=0000
C:\dev\cc65\lib/lynx.lib(libref.o):
C:\dev\cc65\lib/lynx.lib(lneg.o):
    CODE              Offs=000E04  Size=00001E  Align=00001  Fill=0000
C:\dev\cc65\lib/lynx.lib(memcpy.o):
    CODE              Offs=000E22  Size=00003C  Align=00001  Fill=0000
C:\dev\cc65\lib/lynx.lib(mul.o):
    CODE              Offs=000E5E  Size=000045  Align=00001  Fill=0000
C:\dev\cc65\lib/lynx.lib(mul8.o):
    CODE              Offs=000EA3  Size=00003A  Align=00001  Fill=0000
C:\dev\cc65\lib/lynx.lib(negabs.o):
    CODE              Offs=000EDD  Size=000012  Align=00001  Fill=0000
C:\dev\cc65\lib/lynx.lib(popa.o):
    CODE              Offs=000EEF  Size=00000A  Align=00001  Fill=0000
C:\dev\cc65\lib/lynx.lib(popptr1.o):
    CODE              Offs=000EF9  Size=00000E  Align=00001  Fill=0000
C:\dev\cc65\lib/lynx.lib(pusha.o):
    CODE              Offs=000F07  Size=000016  Align=00001  Fill=0000
C:\dev\cc65\lib/lynx.lib(pushax.o):
    CODE              Offs=000F1D  Size=00001A  Align=00001  Fill=0000
C:\dev\cc65\lib/lynx.lib(rand.o):
    CODE              Offs=000F37  Size=000034  Align=00001  Fill=0000
    DATA              Offs=000105  Size=000004  Align=00001  Fill=0000
C:\dev\cc65\lib/lynx.lib(shrax4.o):
    CODE              Offs=000F6B  Size=000011  Align=00001  Fill=0000
C:\dev\cc65\lib/lynx.lib(staxspi.o):
    CODE              Offs=000F7C  Size=00001A  Align=00001  Fill=0000
C:\dev\cc65\lib/lynx.lib(strlen.o):
    CODE              Offs=000F96  Size=000016  Align=00001  Fill=0000
C:\dev\cc65\lib/lynx.lib(sub.o):
    CODE              Offs=000FAC  Size=000014  Align=00001  Fill=0000
C:\dev\cc65\lib/lynx.lib(tgi-kernel.o):
    CODE              Offs=000FC0  Size=00007F  Align=00001  Fill=0000
    RODATA            Offs=000516  Size=000004  Align=00001  Fill=0000
    BSS               Offs=0003F0  Size=000028  Align=00001  Fill=0000
    DATA              Offs=000109  Size=000039  Align=00001  Fill=0000
C:\dev\cc65\lib/lynx.lib(tgi_clear.o):
C:\dev\cc65\lib/lynx.lib(tgi_clippedline.o):
    CODE              Offs=00103F  Size=0001E3  Align=00001  Fill=0000
    BSS               Offs=000418  Size=000008  Align=00001  Fill=0000
C:\dev\cc65\lib/lynx.lib(tgi_colors.o):
C:\dev\cc65\lib/lynx.lib(tgi_curtoxy.o):
    CODE              Offs=001222  Size=000015  Align=00001  Fill=0000
C:\dev\cc65\lib/lynx.lib(tgi_done.o):
    CODE              Offs=001237  Size=00000E  Align=00001  Fill=0000
C:\dev\cc65\lib/lynx.lib(tgi_gettextwidth.o):
    CODE              Offs=001245  Size=000057  Align=00001  Fill=0000
C:\dev\cc65\lib/lynx.lib(tgi_getxres.o):
    CODE              Offs=00129C  Size=000007  Align=00001  Fill=0000
C:\dev\cc65\lib/lynx.lib(tgi_getyres.o):
    CODE              Offs=0012A3  Size=000007  Align=00001  Fill=0000
C:\dev\cc65\lib/lynx.lib(tgi_imulround.o):
    CODE              Offs=0012AA  Size=000025  Align=00001  Fill=0000
C:\dev\cc65\lib/lynx.lib(tgi_init.o):
    CODE              Offs=0012CF  Size=000058  Align=00001  Fill=0000
C:\dev\cc65\lib/lynx.lib(tgi_ioctl.o):
    CODE              Offs=001327  Size=00000A  Align=00001  Fill=0000
C:\dev\cc65\lib/lynx.lib(tgi_irq.o):
    DATA              Offs=000142  Size=000003  Align=00001  Fill=0000
C:\dev\cc65\lib/lynx.lib(tgi_outcode.o):
    CODE              Offs=001331  Size=000041  Align=00001  Fill=0000
    BSS               Offs=000420  Size=000008  Align=00001  Fill=0000
C:\dev\cc65\lib/lynx.lib(tgi_outtext.o):
    CODE              Offs=001372  Size=000091  Align=00001  Fill=0000
C:\dev\cc65\lib/lynx.lib(tgi_outtextxy.o):
    CODE              Offs=001403  Size=000021  Align=00001  Fill=0000
C:\dev\cc65\lib/lynx.lib(tgi_setcolor.o):
    CODE              Offs=001424  Size=000013  Align=00001  Fill=0000
C:\dev\cc65\lib/lynx.lib(tgi_setpalette.o):
    CODE              Offs=001437  Size=000007  Align=00001  Fill=0000
C:\dev\cc65\lib/lynx.lib(tgi_settextstyle.o):
    CODE              Offs=00143E  Size=000042  Align=00001  Fill=0000
C:\dev\cc65\lib/lynx.lib(tgi_stat_stddrv.o):
C:\dev\cc65\lib/lynx.lib(tgi_vectorchar.o):
    CODE              Offs=001480  Size=0000D5  Align=00001  Fill=0000
    BSS               Offs=000428  Size=000008  Align=00001  Fill=0000
C:\dev\cc65\lib/lynx.lib(toascii.o):
    CODE              Offs=001555  Size=000003  Align=00001  Fill=0000
C:\dev\cc65\lib/lynx.lib(udiv.o):
    CODE              Offs=001558  Size=00004F  Align=00001  Fill=0000
C:\dev\cc65\lib/lynx.lib(udiv32by16r16.o):
    CODE              Offs=0015A7  Size=000031  Align=00001  Fill=0000
C:\dev\cc65\lib/lynx.lib(umod.o):
    CODE              Offs=0015D8  Size=000011  Align=00001  Fill=0000
C:\dev\cc65\lib/lynx.lib(umul16x16r32.o):
    CODE              Offs=0015E9  Size=00002C  Align=00001  Fill=0000
C:\dev\cc65\lib/lynx.lib(umul8x16r24.o):
    CODE              Offs=001615  Size=00002B  Align=00001  Fill=0000
C:\dev\cc65\lib/lynx.lib(zerobss.o):
    CODE              Offs=001640  Size=000023  Align=00001  Fill=0000
C:\dev\cc65\lib/lynx.lib(zeropage.o):
    ZEROPAGE          Offs=000000  Size=00001A  Align=00001  Fill=0000
C:\dev\cc65\lib/lynx.lib(lynx-stdjoy-joy.o):
    CODE              Offs=001663  Size=000011  Align=00001  Fill=0000
    DATA              Offs=000145  Size=00000E  Align=00001  Fill=0000
C:\dev\cc65\lib/lynx.lib(lynx-160-102-16-tgi.o):
    CODE              Offs=001674  Size=00039E  Align=00001  Fill=0000
    RODATA            Offs=00051A  Size=000324  Align=00001  Fill=0000
    BSS               Offs=000430  Size=0000BD  Align=00001  Fill=0000
    DATA              Offs=000153  Size=000090  Align=00001  Fill=0000


Segment list:
-------------
Name                   Start     End    Size  Align
----------------------------------------------------
BLLHDR                000000  000009  00000A  00001
ZEROPAGE              000000  000019  00001A  00001
EXTZP                 00001A  00002A  000011  00001
STARTUP               000400  00046C  00006D  00001
LOWCODE               00046D  00047C  000010  00001
ONCE                  00047D  000497  00001B  00001
CODE                  000498  001EA9  001A12  00001
RODATA                001EAA  0026EB  000842  00001
DATA                  0026EC  0028CE  0001E3  00001
BSS                   0028CF  002DBB  0004ED  00001


Exports list by name:
---------------------
KBEDG                     0027ED RLA    KBSTL                     0027EE RLA    
__BLLHDR__                000001 REA    __BSS_LOAD__              0028CF RLA    
__BSS_RUN__               0028CF RLA    __BSS_SIZE__              0004ED REA    
__CALLIRQ__               000001 REA    __CONSTRUCTOR_COUNT__     000001 REA    
__CONSTRUCTOR_TABLE__     000496 RLA    __DESTRUCTOR_COUNT__      000001 REA    
__DESTRUCTOR_TABLE__      0026E8 RLA    __INTERRUPTOR_COUNT__     000001 REA    
__INTERRUPTOR_TABLE__     0026EA RLA    __MAIN_SIZE__             00B438 REA    
__MAIN_START__            000400 RLA    __STACKSIZE__             000800 REA    
__STARTUP__               000001 REA    __hextab                  002379 RLA    
__iodat                   00001A RLZ    __iodir                   00001B RLZ    
__sprsys                  00001D RLZ    __viddma                  00001C RLZ    
_cgetc                    0010C4 RLA    _exit                     000468 RLA    
_floor_1                  0021F2 RLA    _floor_2                  002242 RLA    
_floor_3                  0022B1 RLA    _floor_4                  002312 RLA    
_game                     000FDD RLA    _itoa                     001194 RLA    
_joy_install              00120A RLA    _joy_read                 0027E8 REA    
_joy_static_stddrv        002831 RLA    _kbhit                    001257 RLA    
_knight_run0              001F07 RLA    _knight_run1              001FC3 RLA    
_knight_run2              002080 RLA    _knight_run3              00213A RLA    
_level                    0028CF RLA    _lynx_160_102_16_tgi      00283F RLA    
_lynx_stdjoy_joy          002831 RLA    _main                     000511 RLA    
_memcpy                   0012BA RLA    _palette                  0026EC RLA    
_pause                    0028ED RLA    _result_screen            0005B9 RLA    
_srand                    0013CF RLA    _std_functions            0004DC RLA    
_strlen                   00142E RLA    _tgi_charwidth            002CD0 RLA    
_tgi_clear                002807 REA    _tgi_color                002CC7 RLA    
_tgi_colorcount           002CE0 RLA    _tgi_curx                 002CC3 RLA    
_tgi_cury                 002CC5 RLA    _tgi_done                 0016CF RLA    
_tgi_error                002CC1 RLA    _tgi_flags                002CE6 RLA    
_tgi_font                 002CC8 RLA    _tgi_fontheight           002CE3 RLA    
_tgi_fontwidth            002CE2 RLA    _tgi_gettextwidth         0016DD RLA    
_tgi_getxres              001734 RLA    _tgi_getyres              00173B RLA    
_tgi_gmode                002CC2 RLA    _tgi_init                 001767 RLA    
_tgi_install              001458 RLA    _tgi_ioctl                0017BF RLA    
_tgi_outtext              00180A RLA    _tgi_outtextxy            00189B RLA    
_tgi_setcolor             0018BC RLA    _tgi_setpalette           0018CF RLA    
_tgi_settextstyle         0018D6 RLA    _tgi_static_stddrv        00283F RLA    
_tgi_textdir              002CC9 RLA    _tgi_textscaleh           002CD2 RLA    
_tgi_textscalew           002CCC RLA    _tgi_vectorchar           00195A RLA    
_tgi_vectorfont           002CCA RLA    _tgi_xmax                 002CD8 RLA    
_tgi_xres                 002CDC RLA    _tgi_ymax                 002CDA RLA    
_tgi_yres                 002CDE RLA    _title_screen             000615 RLA    
_toascii                  0019ED RLA    addysp1                   001078 RLA    
aslax1                    001086 RLA    aslax4                    00108E RLA    
bnegax                    00109F RLA    callirq                   002798 RLA    
callmain                  0010AD RLA    decax1                    001123 RLA    
doneirq                   001175 RLA    donelib                   001117 RLA    
imul16x16r32              00112A RLA    incaxy                    001157 RLA    
incsp2                    001167 RLA    initirq                   000489 RLA    
initlib                   00047D RLA    irq_done                  001175  LAI   
irq_init                  000489  LAI   joy_libref                000468 RLA    
joy_read                  0027E8 RLA    ldaxi                     00128F RLA    
ldaxidx                   001291 RLA    mul8x16                   00133D RLA    
mul8x16a                  001347 RLA    negax                     001379 RLA    
negeax                    00129C RLA    popa                      001387 RLA    
popax                     001160 RLA    popptr1                   001391 RLA    
ptr1                      000008 RLZ    ptr2                      00000A RLZ    
ptr3                      00000C RLZ    ptr4                      00000E RLZ    
pusha                     0013A3 RLA    pusha0                    0013B7 RLA    
pushax                    0013B9 RLA    regbank                   000014 RLZ    
shrax4                    001403 RLA    sp                        000000 RLZ    
sreg                      000002 RLZ    staxspidx                 001414 RLA    
tgi_clear                 002807 RLA    tgi_clip_x1               002CEF RLA    
tgi_clip_x2               002CF3 RLA    tgi_clip_y1               002CF1 RLA    
tgi_clip_y2               002CF5 RLA    tgi_clippedline           00159B RLA    
tgi_color_white           00000F REZ    tgi_control               002804 RLA    
tgi_curtoxy               0016BA RLA    tgi_done                  0027FE RLA    
tgi_getdefpalette         002819 RLA    tgi_geterror              002801 RLA    
tgi_imulround             001749 RLA    tgi_init                  0027FB RLA    
tgi_inv_arg               0014AE RLA    tgi_irq                   00282E  LAI   
tgi_libref                00282E RLA    tgi_line                  002822 RLA    
tgi_outcode               0017C9 RLA    tgi_outtext               00282B RLA    
tgi_setcolor              002810 RLA    tgi_setdrawpage           00280D RLA    
tgi_setpalette            002813 RLA    tgi_setviewpage           00280A RLA    
tmp1                      000010 RLZ    tmp2                      000011 RLZ    
tmp3                      000012 RLZ    tmp4                      000013 RLZ    
tosmulax                  0012F6 RLA    tossuba0                  001444 RLA    
tosumodax                 001A72 RLA    tosumulax                 0012F6 RLA    
udiv16                    001A01 RLA    udiv32by16r16             001A3F RLA    
umul16x16r32              001A81 RLA    umul16x16r32m             001A85 RLA    
umul8x16r16               001AAD RLA    umul8x16r24               001AAD RLA    
zerobss                   001AD8 RLA    


Exports list by value:
----------------------
sp                        000000 RLZ    __CONSTRUCTOR_COUNT__     000001 REA    
__CALLIRQ__               000001 REA    __BLLHDR__                000001 REA    
__STARTUP__               000001 REA    __INTERRUPTOR_COUNT__     000001 REA    
__DESTRUCTOR_COUNT__      000001 REA    sreg                      000002 RLZ    
ptr1                      000008 RLZ    ptr2                      00000A RLZ    
ptr3                      00000C RLZ    ptr4                      00000E RLZ    
tgi_color_white           00000F REZ    tmp1                      000010 RLZ    
tmp2                      000011 RLZ    tmp3                      000012 RLZ    
tmp4                      000013 RLZ    regbank                   000014 RLZ    
__iodat                   00001A RLZ    __iodir                   00001B RLZ    
__viddma                  00001C RLZ    __sprsys                  00001D RLZ    
__MAIN_START__            000400 RLA    joy_libref                000468 RLA    
_exit                     000468 RLA    initlib                   00047D RLA    
irq_init                  000489  LAI   initirq                   000489 RLA    
__CONSTRUCTOR_TABLE__     000496 RLA    _std_functions            0004DC RLA    
__BSS_SIZE__              0004ED REA    _main                     000511 RLA    
_result_screen            0005B9 RLA    _title_screen             000615 RLA    
__STACKSIZE__             000800 REA    _game                     000FDD RLA    
addysp1                   001078 RLA    aslax1                    001086 RLA    
aslax4                    00108E RLA    bnegax                    00109F RLA    
callmain                  0010AD RLA    _cgetc                    0010C4 RLA    
donelib                   001117 RLA    decax1                    001123 RLA    
imul16x16r32              00112A RLA    incaxy                    001157 RLA    
popax                     001160 RLA    incsp2                    001167 RLA    
doneirq                   001175 RLA    irq_done                  001175  LAI   
_itoa                     001194 RLA    _joy_install              00120A RLA    
_kbhit                    001257 RLA    ldaxi                     00128F RLA    
ldaxidx                   001291 RLA    negeax                    00129C RLA    
_memcpy                   0012BA RLA    tosmulax                  0012F6 RLA    
tosumulax                 0012F6 RLA    mul8x16                   00133D RLA    
mul8x16a                  001347 RLA    negax                     001379 RLA    
popa                      001387 RLA    popptr1                   001391 RLA    
pusha                     0013A3 RLA    pusha0                    0013B7 RLA    
pushax                    0013B9 RLA    _srand                    0013CF RLA    
shrax4                    001403 RLA    staxspidx                 001414 RLA    
_strlen                   00142E RLA    tossuba0                  001444 RLA    
_tgi_install              001458 RLA    tgi_inv_arg               0014AE RLA    
tgi_clippedline           00159B RLA    tgi_curtoxy               0016BA RLA    
_tgi_done                 0016CF RLA    _tgi_gettextwidth         0016DD RLA    
_tgi_getxres              001734 RLA    _tgi_getyres              00173B RLA    
tgi_imulround             001749 RLA    _tgi_init                 001767 RLA    
_tgi_ioctl                0017BF RLA    tgi_outcode               0017C9 RLA    
_tgi_outtext              00180A RLA    _tgi_outtextxy            00189B RLA    
_tgi_setcolor             0018BC RLA    _tgi_setpalette           0018CF RLA    
_tgi_settextstyle         0018D6 RLA    _tgi_vectorchar           00195A RLA    
_toascii                  0019ED RLA    udiv16                    001A01 RLA    
udiv32by16r16             001A3F RLA    tosumodax                 001A72 RLA    
umul16x16r32              001A81 RLA    umul16x16r32m             001A85 RLA    
umul8x16r24               001AAD RLA    umul8x16r16               001AAD RLA    
zerobss                   001AD8 RLA    _knight_run0              001F07 RLA    
_knight_run1              001FC3 RLA    _knight_run2              002080 RLA    
_knight_run3              00213A RLA    _floor_1                  0021F2 RLA    
_floor_2                  002242 RLA    _floor_3                  0022B1 RLA    
_floor_4                  002312 RLA    __hextab                  002379 RLA    
__DESTRUCTOR_TABLE__      0026E8 RLA    __INTERRUPTOR_TABLE__     0026EA RLA    
_palette                  0026EC RLA    callirq                   002798 RLA    
_joy_read                 0027E8 REA    joy_read                  0027E8 RLA    
KBEDG                     0027ED RLA    KBSTL                     0027EE RLA    
tgi_init                  0027FB RLA    tgi_done                  0027FE RLA    
tgi_geterror              002801 RLA    tgi_control               002804 RLA    
tgi_clear                 002807 RLA    _tgi_clear                002807 REA    
tgi_setviewpage           00280A RLA    tgi_setdrawpage           00280D RLA    
tgi_setcolor              002810 RLA    tgi_setpalette            002813 RLA    
tgi_getdefpalette         002819 RLA    tgi_line                  002822 RLA    
tgi_outtext               00282B RLA    tgi_libref                00282E RLA    
tgi_irq                   00282E  LAI   _joy_static_stddrv        002831 RLA    
_lynx_stdjoy_joy          002831 RLA    _tgi_static_stddrv        00283F RLA    
_lynx_160_102_16_tgi      00283F RLA    __BSS_RUN__               0028CF RLA    
_level                    0028CF RLA    __BSS_LOAD__              0028CF RLA    
_pause                    0028ED RLA    _tgi_error                002CC1 RLA    
_tgi_gmode                002CC2 RLA    _tgi_curx                 002CC3 RLA    
_tgi_cury                 002CC5 RLA    _tgi_color                002CC7 RLA    
_tgi_font                 002CC8 RLA    _tgi_textdir              002CC9 RLA    
_tgi_vectorfont           002CCA RLA    _tgi_textscalew           002CCC RLA    
_tgi_charwidth            002CD0 RLA    _tgi_textscaleh           002CD2 RLA    
_tgi_xmax                 002CD8 RLA    _tgi_ymax                 002CDA RLA    
_tgi_xres                 002CDC RLA    _tgi_yres                 002CDE RLA    
_tgi_colorcount           002CE0 RLA    _tgi_fontwidth            002CE2 RLA    
_tgi_fontheight           002CE3 RLA    _tgi_flags                002CE6 RLA    
tgi_clip_x1               002CEF RLA    tgi_clip_y1               002CF1 RLA    
tgi_clip_x2               002CF3 RLA    tgi_clip_y2               002CF5 RLA    
__MAIN_SIZE__             00B438 REA    


Imports list:
-------------
KBEDG (kbhit.o):
    cgetc.o                   lynx/cgetc.s:9
KBSTL (kbhit.o):
    cgetc.o                   lynx/cgetc.s:10
__BLLHDR__ (bllhdr.o):
    [linker generated]        C:\dev\cc65\cfg/lynx-bll.cfg:6
__BSS_LOAD__ ([linker generated]):
    bllhdr.o                  lynx/bllhdr.s:6
__BSS_RUN__ ([linker generated]):
    zerobss.o                 common/zerobss.s:8
__BSS_SIZE__ ([linker generated]):
    zerobss.o                 common/zerobss.s:8
__CALLIRQ__ (callirq.o):
    tgi_irq.o                 lynx/tgi_irq.s:11
__CONSTRUCTOR_COUNT__ ([linker generated]):
    condes.o                  runtime/condes.s:18
__CONSTRUCTOR_TABLE__ ([linker generated]):
    condes.o                  runtime/condes.s:18
__DESTRUCTOR_COUNT__ ([linker generated]):
    condes.o                  runtime/condes.s:19
__DESTRUCTOR_TABLE__ ([linker generated]):
    condes.o                  runtime/condes.s:19
__INTERRUPTOR_COUNT__ ([linker generated]):
    callirq.o                 runtime/callirq.s:36
__INTERRUPTOR_TABLE__ ([linker generated]):
    callirq.o                 runtime/callirq.s:36
__MAIN_SIZE__ ([linker generated]):
    crt0.o                    lynx/crt0.s:25
__MAIN_START__ ([linker generated]):
    crt0.o                    lynx/crt0.s:25
    bllhdr.o                  lynx/bllhdr.s:7
__STACKSIZE__ ([linker generated]):
    crt0.o                    lynx/crt0.s:25
    [linker generated]        C:\dev\cc65\cfg/lynx-bll.cfg:11
__STARTUP__ (crt0.o):
    main.o                    main.s:13
__hextab (_hextab.o):
    itoa.o                    common/itoa.s:10
__iodat (extzp.o):
    crt0.o                    lynx/extzp.inc:11
__iodir (extzp.o):
    crt0.o                    lynx/extzp.inc:12
__sprsys (extzp.o):
    lynx-160-102-16-tgi.o     lynx/tgi/../extzp.inc:14
    crt0.o                    lynx/extzp.inc:14
__viddma (extzp.o):
    lynx-160-102-16-tgi.o     lynx/tgi/../extzp.inc:13
    crt0.o                    lynx/extzp.inc:13
_cgetc (cgetc.o):
    main.o                    main.s:22
_exit (crt0.o):
    libref.o                  lynx/libref.s:6
_floor_1 (floor_1.o):
    game.o                    game.s:38
_floor_2 (floor_2.o):
    game.o                    game.s:39
_floor_3 (floor_3.o):
    game.o                    game.s:40
_floor_4 (floor_4.o):
    game.o                    game.s:41
_game (game.o):
    main.o                    main.s:26
_itoa (itoa.o):
    result_screen.o           result_screen.s:16
_joy_install (joy-kernel.o):
    main.o                    main.s:24
_joy_read (joy_read.o):
    game.o                    game.s:21
    title_screen.o            title_screen.s:18
    result_screen.o           result_screen.s:17
_joy_static_stddrv (joy_stat_stddrv.o):
    main.o                    main.s:23
_kbhit (kbhit.o):
    cgetc.o                   lynx/cgetc.s:8
    main.o                    main.s:21
_knight_run0 (knight_run0.o):
    game.o                    game.s:34
_knight_run1 (knight_run1.o):
    game.o                    game.s:35
_knight_run2 (knight_run2.o):
    game.o                    game.s:36
_knight_run3 (knight_run3.o):
    game.o                    game.s:37
_level (main.o):
    game.o                    game.s:23
    result_screen.o           result_screen.s:18
_lynx_160_102_16_tgi (lynx-160-102-16-tgi.o):
    tgi_stat_stddrv.o         lynx/tgi_stat_stddrv.s:10
_lynx_stdjoy_joy (lynx-stdjoy-joy.o):
    joy_stat_stddrv.o         lynx/joy_stat_stddrv.s:10
_main (main.o):
    callmain.o                runtime/callmain.s:11
_memcpy (memcpy.o):
    game.o                    game.s:1887
_palette (main.o):
    game.o                    game.s:30
_pause (game.o):
    main.o                    main.s:28
_result_screen (result_screen.o):
    main.o                    main.s:27
_srand (rand.o):
    title_screen.o            title_screen.s:17
_std_functions (main.o):
    game.o                    game.s:22
    title_screen.o            title_screen.s:19
    result_screen.o           result_screen.s:19
_strlen (strlen.o):
    tgi_gettextwidth.o        tgi/tgi_gettextwidth.s:10
_tgi_charwidth (tgi-kernel.o):
    tgi_gettextwidth.o        /home/runner/work/cc65/cc65/asminc/tgi-kernel.inc:126
_tgi_clear (tgi_clear.o):
    game.o                    game.s:16
    title_screen.o            title_screen.s:13
    result_screen.o           result_screen.s:13
    main.o                    main.s:17
_tgi_color (tgi-kernel.o):
    tgi_setcolor.o            /home/runner/work/cc65/cc65/asminc/tgi-kernel.inc:120
_tgi_colorcount (tgi-kernel.o):
    tgi_setcolor.o            /home/runner/work/cc65/cc65/asminc/tgi-kernel.inc:132
_tgi_curx (tgi-kernel.o):
    tgi_curtoxy.o             /home/runner/work/cc65/cc65/asminc/tgi-kernel.inc:118
    tgi_vectorchar.o          /home/runner/work/cc65/cc65/asminc/tgi-kernel.inc:118
    tgi_outtext.o             /home/runner/work/cc65/cc65/asminc/tgi-kernel.inc:118
    tgi_outtextxy.o           /home/runner/work/cc65/cc65/asminc/tgi-kernel.inc:118
_tgi_cury (tgi-kernel.o):
    tgi_curtoxy.o             /home/runner/work/cc65/cc65/asminc/tgi-kernel.inc:119
    tgi_outtextxy.o           /home/runner/work/cc65/cc65/asminc/tgi-kernel.inc:119
_tgi_done (tgi_done.o):
    tgi_init.o                /home/runner/work/cc65/cc65/asminc/tgi-kernel.inc:193
    tgi-kernel.o              /home/runner/work/cc65/cc65/asminc/tgi-kernel.inc:193
_tgi_error (tgi-kernel.o):
    tgi_init.o                /home/runner/work/cc65/cc65/asminc/tgi-kernel.inc:116
_tgi_flags (tgi-kernel.o):
    tgi_settextstyle.o        /home/runner/work/cc65/cc65/asminc/tgi-kernel.inc:137
_tgi_font (tgi-kernel.o):
    tgi_gettextwidth.o        /home/runner/work/cc65/cc65/asminc/tgi-kernel.inc:121
    tgi_outtext.o             /home/runner/work/cc65/cc65/asminc/tgi-kernel.inc:121
    tgi_settextstyle.o        /home/runner/work/cc65/cc65/asminc/tgi-kernel.inc:121
_tgi_fontheight (tgi-kernel.o):
    tgi_settextstyle.o        /home/runner/work/cc65/cc65/asminc/tgi-kernel.inc:135
_tgi_fontwidth (tgi-kernel.o):
    tgi_settextstyle.o        /home/runner/work/cc65/cc65/asminc/tgi-kernel.inc:134
_tgi_gettextwidth (tgi_gettextwidth.o):
    tgi_outtext.o             /home/runner/work/cc65/cc65/asminc/tgi-kernel.inc:208
_tgi_getxres (tgi_getxres.o):
    tgi_init.o                /home/runner/work/cc65/cc65/asminc/tgi-kernel.inc:209
_tgi_getyres (tgi_getyres.o):
    tgi_init.o                /home/runner/work/cc65/cc65/asminc/tgi-kernel.inc:210
_tgi_gmode (tgi-kernel.o):
    tgi_init.o                /home/runner/work/cc65/cc65/asminc/tgi-kernel.inc:117
    tgi_done.o                /home/runner/work/cc65/cc65/asminc/tgi-kernel.inc:117
_tgi_init (tgi_init.o):
    game.o                    game.s:15
    main.o                    main.s:16
_tgi_install (tgi-kernel.o):
    game.o                    game.s:14
    main.o                    main.s:15
_tgi_ioctl (tgi_ioctl.o):
    game.o                    game.s:20
    title_screen.o            title_screen.s:16
    result_screen.o           result_screen.s:15
    main.o                    main.s:20
_tgi_outtext (tgi_outtext.o):
    tgi_outtextxy.o           /home/runner/work/cc65/cc65/asminc/tgi-kernel.inc:220
_tgi_outtextxy (tgi_outtextxy.o):
    game.o                    game.s:19
    title_screen.o            title_screen.s:15
    result_screen.o           result_screen.s:14
_tgi_setcolor (tgi_setcolor.o):
    tgi_init.o                /home/runner/work/cc65/cc65/asminc/tgi-kernel.inc:224
    game.o                    game.s:17
    title_screen.o            title_screen.s:14
    main.o                    main.s:18
_tgi_setpalette (tgi_setpalette.o):
    game.o                    game.s:18
    main.o                    main.s:19
_tgi_settextstyle (tgi_settextstyle.o):
    tgi_init.o                /home/runner/work/cc65/cc65/asminc/tgi-kernel.inc:230
_tgi_static_stddrv (tgi_stat_stddrv.o):
    game.o                    game.s:13
    main.o                    main.s:14
_tgi_textdir (tgi-kernel.o):
    tgi_vectorchar.o          /home/runner/work/cc65/cc65/asminc/tgi-kernel.inc:122
    tgi_outtext.o             /home/runner/work/cc65/cc65/asminc/tgi-kernel.inc:122
    tgi_settextstyle.o        /home/runner/work/cc65/cc65/asminc/tgi-kernel.inc:122
_tgi_textscaleh (tgi-kernel.o):
    tgi_vectorchar.o          /home/runner/work/cc65/cc65/asminc/tgi-kernel.inc:125
_tgi_textscalew (tgi-kernel.o):
    tgi_gettextwidth.o        /home/runner/work/cc65/cc65/asminc/tgi-kernel.inc:124
    tgi_vectorchar.o          /home/runner/work/cc65/cc65/asminc/tgi-kernel.inc:124
    tgi_outtext.o             /home/runner/work/cc65/cc65/asminc/tgi-kernel.inc:124
    tgi_settextstyle.o        /home/runner/work/cc65/cc65/asminc/tgi-kernel.inc:124
_tgi_vectorchar (tgi_vectorchar.o):
    tgi_outtext.o             /home/runner/work/cc65/cc65/asminc/tgi-vectorfont.inc:67
_tgi_vectorfont (tgi-kernel.o):
    tgi_gettextwidth.o        /home/runner/work/cc65/cc65/asminc/tgi-kernel.inc:123
    tgi_vectorchar.o          /home/runner/work/cc65/cc65/asminc/tgi-kernel.inc:123
    tgi_outtext.o             /home/runner/work/cc65/cc65/asminc/tgi-kernel.inc:123
_tgi_xmax (tgi-kernel.o):
    tgi_clippedline.o         /home/runner/work/cc65/cc65/asminc/tgi-kernel.inc:130
    tgi_init.o                /home/runner/work/cc65/cc65/asminc/tgi-kernel.inc:130
_tgi_xres (tgi-kernel.o):
    tgi_outcode.o             /home/runner/work/cc65/cc65/asminc/tgi-kernel.inc:128
    tgi_getxres.o             /home/runner/work/cc65/cc65/asminc/tgi-kernel.inc:128
_tgi_ymax (tgi-kernel.o):
    tgi_clippedline.o         /home/runner/work/cc65/cc65/asminc/tgi-kernel.inc:131
    tgi_init.o                /home/runner/work/cc65/cc65/asminc/tgi-kernel.inc:131
_tgi_yres (tgi-kernel.o):
    tgi_outcode.o             /home/runner/work/cc65/cc65/asminc/tgi-kernel.inc:129
    tgi_getyres.o             /home/runner/work/cc65/cc65/asminc/tgi-kernel.inc:129
_title_screen (title_screen.o):
    main.o                    main.s:25
_toascii (toascii.o):
    tgi_gettextwidth.o        tgi/tgi_gettextwidth.s:10
    tgi_outtext.o             tgi/tgi_outtext.s:12
addysp1 (addysp.o):
    tgi_outtextxy.o           tgi/tgi_outtextxy.s:10
    sub.o                     runtime/sub.s:8
    itoa.o                    common/itoa.s:9
aslax1 (aslax1.o):
    game.o                    game.s:1887
    game.o                    game.s:1887
aslax4 (aslax4.o):
    game.o                    game.s:1887
bnegax (bneg.o):
    main.o                    main.s:262
callirq (callirq.o):
    irq.o                     lynx/irq.s:6
callmain (callmain.o):
    crt0.o                    lynx/crt0.s:23
decax1 (decax1.o):
    tgi_init.o                tgi/tgi_init.s:11
doneirq (irq.o):
    callirq.o                 runtime/callirq.s:38
donelib (condes.o):
    crt0.o                    lynx/crt0.s:21
imul16x16r32 (imul16x16r32.o):
    tgi_imulround.o           tgi/tgi_imulround.s:14
incaxy (incaxy.o):
    game.o                    game.s:1887
    game.o                    game.s:1887
incsp2 (incsp2.o):
    staxspi.o                 runtime/staxspi.s:9
    popptr1.o                 runtime/popptr1.s:8
    game.o                    game.s:1887
initirq (irq.o):
    callirq.o                 runtime/callirq.s:37
initlib (condes.o):
    crt0.o                    lynx/crt0.s:21
joy_libref (libref.o):
    joy-kernel.o              joystick/joy-kernel.s:7
joy_read (joy-kernel.o):
    joy_read.o                /home/runner/work/cc65/cc65/asminc/joy-kernel.inc:71
ldaxi (ldaxi.o):
    game.o                    game.s:1887
    game.o                    game.s:1887
ldaxidx (ldaxi.o):
    game.o                    game.s:1887
    game.o                    game.s:1887
mul8x16 (mul8.o):
    mul.o                     runtime/mul.s:8
mul8x16a (mul8.o):
    mul.o                     runtime/mul.s:8
negax (negabs.o):
    imul16x16r32.o            runtime/imul16x16r32.s:8
    tgi_clippedline.o         tgi/tgi_clippedline.s:9
    tgi_outtext.o             tgi/tgi_outtext.s:13
negeax (lneg.o):
    imul16x16r32.o            runtime/imul16x16r32.s:8
popa (popa.o):
    tgi_settextstyle.o        tgi/tgi_settextstyle.s:10
    tgi_ioctl.o               tgi/tgi_ioctl.s:13
popax (incsp2.o):
    tgi_imulround.o           tgi/tgi_imulround.s:14
    tgi_settextstyle.o        tgi/tgi_settextstyle.s:10
    memcpy.o                  common/memcpy.s:14
popptr1 (popptr1.o):
    udiv.o                    runtime/udiv.s:9
    umod.o                    runtime/umod.s:8
    mul8.o                    runtime/mul8.s:9
    mul.o                     runtime/mul.s:9
    memcpy.o                  common/memcpy.s:14
ptr1 (zeropage.o):
    imul16x16r32.o            /home/runner/work/cc65/cc65/asminc/zeropage.inc:12
    umul16x16r32.o            /home/runner/work/cc65/cc65/asminc/zeropage.inc:12
    udiv32by16r16.o           /home/runner/work/cc65/cc65/asminc/zeropage.inc:12
    tgi_imulround.o           /home/runner/work/cc65/cc65/asminc/zeropage.inc:12
    tgi_gettextwidth.o        /home/runner/work/cc65/cc65/asminc/zeropage.inc:12
    tgi_curtoxy.o             tgi/tgi_curtoxy.s:9
    tgi_clippedline.o         /home/runner/work/cc65/cc65/asminc/zeropage.inc:12
    udiv.o                    runtime/udiv.s:10
    tgi_vectorchar.o          /home/runner/work/cc65/cc65/asminc/zeropage.inc:12
    tgi_outtext.o             /home/runner/work/cc65/cc65/asminc/zeropage.inc:12
    lynx-160-102-16-tgi.o     /home/runner/work/cc65/cc65/asminc/zeropage.inc:12
    zerobss.o                 common/zerobss.s:9
    umul8x16r24.o             /home/runner/work/cc65/cc65/asminc/zeropage.inc:12
    tgi_settextstyle.o        /home/runner/work/cc65/cc65/asminc/zeropage.inc:12
    tgi_setpalette.o          tgi/tgi_setpalette.s:12
    tgi_ioctl.o               tgi/tgi_ioctl.s:14
    tgi_init.o                tgi/tgi_init.s:12
    tgi-kernel.o              tgi/tgi-kernel.s:8
    staxspi.o                 runtime/staxspi.s:10
    popptr1.o                 runtime/popptr1.s:9
    mul8.o                    runtime/mul8.s:10
    mul.o                     runtime/mul.s:10
    memcpy.o                  common/memcpy.s:15
    ldaxi.o                   runtime/ldaxi.s:8
    joy-kernel.o              joystick/joy-kernel.s:8
    game.o                    game.s:11
ptr2 (zeropage.o):
    strlen.o                  common/strlen.s:12
    udiv32by16r16.o           /home/runner/work/cc65/cc65/asminc/zeropage.inc:12
    tgi_gettextwidth.o        /home/runner/work/cc65/cc65/asminc/zeropage.inc:12
    tgi_curtoxy.o             tgi/tgi_curtoxy.s:9
    tgi_clippedline.o         /home/runner/work/cc65/cc65/asminc/zeropage.inc:12
    lynx-160-102-16-tgi.o     /home/runner/work/cc65/cc65/asminc/zeropage.inc:12
    memcpy.o                  common/memcpy.s:15
    itoa.o                    common/itoa.s:11
ptr3 (zeropage.o):
    imul16x16r32.o            /home/runner/work/cc65/cc65/asminc/zeropage.inc:12
    umul16x16r32.o            /home/runner/work/cc65/cc65/asminc/zeropage.inc:12
    udiv32by16r16.o           /home/runner/work/cc65/cc65/asminc/zeropage.inc:12
    tgi_gettextwidth.o        /home/runner/work/cc65/cc65/asminc/zeropage.inc:12
    tgi_outtext.o             /home/runner/work/cc65/cc65/asminc/zeropage.inc:12
    lynx-160-102-16-tgi.o     /home/runner/work/cc65/cc65/asminc/zeropage.inc:12
    umul8x16r24.o             /home/runner/work/cc65/cc65/asminc/zeropage.inc:12
    memcpy.o                  common/memcpy.s:15
    itoa.o                    common/itoa.s:11
ptr4 (zeropage.o):
    udiv.o                    runtime/udiv.s:10
    lynx-160-102-16-tgi.o     /home/runner/work/cc65/cc65/asminc/zeropage.inc:12
    umod.o                    runtime/umod.s:9
    mul8.o                    runtime/mul8.s:10
    mul.o                     runtime/mul.s:10
pusha (pusha.o):
    tgi_init.o                tgi/tgi_init.s:11
    game.o                    game.s:1887
    game.o                    game.s:1887
    game.o                    game.s:1887
    title_screen.o            title_screen.s:251
    result_screen.o           result_screen.s:212
    result_screen.o           result_screen.s:212
    main.o                    main.s:262
    main.o                    main.s:262
pusha0 (pushax.o):
    game.o                    game.s:1887
    title_screen.o            title_screen.s:251
    result_screen.o           result_screen.s:212
pushax (pushax.o):
    callmain.o                runtime/callmain.s:11
    tgi_init.o                tgi/tgi_init.s:11
    game.o                    game.s:1887
    game.o                    game.s:1887
    game.o                    game.s:1887
    result_screen.o           result_screen.s:212
regbank (zeropage.o):
    tgi_vectorchar.o          /home/runner/work/cc65/cc65/asminc/zeropage.inc:14
    tgi_outtext.o             /home/runner/work/cc65/cc65/asminc/zeropage.inc:14
shrax4 (shrax4.o):
    game.o                    game.s:1887
sp (zeropage.o):
    popa.o                    runtime/popa.s:8
    addysp.o                  runtime/addysp.s:8
    tgi_outtextxy.o           tgi/tgi_outtextxy.s:11
    sub.o                     runtime/sub.s:9
    staxspi.o                 runtime/staxspi.s:10
    pushax.o                  runtime/pushax.s:8
    pusha.o                   runtime/pusha.s:8
    popptr1.o                 runtime/popptr1.s:9
    memcpy.o                  common/memcpy.s:15
    itoa.o                    common/itoa.s:11
    incsp2.o                  runtime/incsp2.s:8
    crt0.o                    /home/runner/work/cc65/cc65/asminc/zeropage.inc:11
    game.o                    game.s:10
sreg (zeropage.o):
    lneg.o                    runtime/lneg.s:11
    umul16x16r32.o            /home/runner/work/cc65/cc65/asminc/zeropage.inc:11
    udiv32by16r16.o           /home/runner/work/cc65/cc65/asminc/zeropage.inc:11
    tgi_imulround.o           /home/runner/work/cc65/cc65/asminc/zeropage.inc:11
    tgi_clippedline.o         /home/runner/work/cc65/cc65/asminc/zeropage.inc:11
    udiv.o                    runtime/udiv.s:10
    umul8x16r24.o             /home/runner/work/cc65/cc65/asminc/zeropage.inc:11
    umod.o                    runtime/umod.s:9
    itoa.o                    common/itoa.s:11
staxspidx (staxspi.o):
    game.o                    game.s:1887
    game.o                    game.s:1887
tgi_clear (tgi-kernel.o):
    tgi_clear.o               /home/runner/work/cc65/cc65/asminc/tgi-kernel.inc:156
tgi_clip_x1 (tgi_outcode.o):
    tgi_clippedline.o         /home/runner/work/cc65/cc65/asminc/tgi-kernel.inc:142
    tgi_vectorchar.o          /home/runner/work/cc65/cc65/asminc/tgi-kernel.inc:142
tgi_clip_x2 (tgi_outcode.o):
    tgi_clippedline.o         /home/runner/work/cc65/cc65/asminc/tgi-kernel.inc:144
tgi_clip_y1 (tgi_outcode.o):
    tgi_clippedline.o         /home/runner/work/cc65/cc65/asminc/tgi-kernel.inc:143
tgi_clip_y2 (tgi_outcode.o):
    tgi_clippedline.o         /home/runner/work/cc65/cc65/asminc/tgi-kernel.inc:145
tgi_clippedline (tgi_clippedline.o):
    tgi_vectorchar.o          /home/runner/work/cc65/cc65/asminc/tgi-kernel.inc:174
tgi_color_white (tgi_colors.o):
    tgi_init.o                /home/runner/work/cc65/cc65/asminc/tgi-kernel.inc:110
tgi_control (tgi-kernel.o):
    tgi_ioctl.o               /home/runner/work/cc65/cc65/asminc/tgi-kernel.inc:155
tgi_curtoxy (tgi_curtoxy.o):
    tgi_outtext.o             /home/runner/work/cc65/cc65/asminc/tgi-kernel.inc:175
tgi_done (tgi-kernel.o):
    tgi_done.o                /home/runner/work/cc65/cc65/asminc/tgi-kernel.inc:153
tgi_getdefpalette (tgi-kernel.o):
    tgi_init.o                /home/runner/work/cc65/cc65/asminc/tgi-kernel.inc:162
tgi_geterror (tgi-kernel.o):
    tgi_init.o                /home/runner/work/cc65/cc65/asminc/tgi-kernel.inc:154
tgi_imulround (tgi_imulround.o):
    tgi_gettextwidth.o        /home/runner/work/cc65/cc65/asminc/tgi-kernel.inc:177
    tgi_vectorchar.o          /home/runner/work/cc65/cc65/asminc/tgi-kernel.inc:177
    tgi_outtext.o             /home/runner/work/cc65/cc65/asminc/tgi-kernel.inc:177
tgi_init (tgi-kernel.o):
    tgi_init.o                /home/runner/work/cc65/cc65/asminc/tgi-kernel.inc:152
tgi_inv_arg (tgi-kernel.o):
    tgi_setcolor.o            /home/runner/work/cc65/cc65/asminc/tgi-kernel.inc:178
tgi_libref (tgi_irq.o):
    tgi-kernel.o              tgi/tgi-kernel.s:7
tgi_line (tgi-kernel.o):
    tgi_clippedline.o         /home/runner/work/cc65/cc65/asminc/tgi-kernel.inc:165
tgi_outcode (tgi_outcode.o):
    tgi_clippedline.o         /home/runner/work/cc65/cc65/asminc/tgi-kernel.inc:181
tgi_outtext (tgi-kernel.o):
    tgi_outtext.o             /home/runner/work/cc65/cc65/asminc/tgi-kernel.inc:168
tgi_setcolor (tgi-kernel.o):
    tgi_setcolor.o            /home/runner/work/cc65/cc65/asminc/tgi-kernel.inc:159
tgi_setdrawpage (tgi-kernel.o):
    tgi_init.o                /home/runner/work/cc65/cc65/asminc/tgi-kernel.inc:158
tgi_setpalette (tgi-kernel.o):
    tgi_setpalette.o          /home/runner/work/cc65/cc65/asminc/tgi-kernel.inc:160
    tgi_init.o                /home/runner/work/cc65/cc65/asminc/tgi-kernel.inc:160
tgi_setviewpage (tgi-kernel.o):
    tgi_init.o                /home/runner/work/cc65/cc65/asminc/tgi-kernel.inc:157
tmp1 (zeropage.o):
    imul16x16r32.o            /home/runner/work/cc65/cc65/asminc/zeropage.inc:13
    tgi_outcode.o             /home/runner/work/cc65/cc65/asminc/zeropage.inc:13
    tgi_clippedline.o         /home/runner/work/cc65/cc65/asminc/zeropage.inc:13
    lynx-160-102-16-tgi.o     /home/runner/work/cc65/cc65/asminc/zeropage.inc:13
    staxspi.o                 runtime/staxspi.s:10
    shrax4.o                  runtime/shrax4.s:8
    mul.o                     runtime/mul.s:10
    itoa.o                    common/itoa.s:11
    incaxy.o                  runtime/incaxy.s:8
    aslax4.o                  runtime/aslax4.s:8
    aslax1.o                  runtime/aslax1.s:8
    game.o                    game.s:11
    title_screen.o            title_screen.s:11
    result_screen.o           result_screen.s:11
    main.o                    main.s:11
tmp2 (zeropage.o):
    lynx-160-102-16-tgi.o     /home/runner/work/cc65/cc65/asminc/zeropage.inc:13
tmp3 (zeropage.o):
    lynx-160-102-16-tgi.o     /home/runner/work/cc65/cc65/asminc/zeropage.inc:13
tmp4 (zeropage.o):
    lynx-160-102-16-tgi.o     /home/runner/work/cc65/cc65/asminc/zeropage.inc:13
tosmulax (mul.o):
    game.o                    game.s:1887
    game.o                    game.s:1887
tossuba0 (sub.o):
    game.o                    game.s:1887
tosumodax (umod.o):
    game.o                    game.s:1887
tosumulax (mul.o):
    game.o                    game.s:1887
udiv16 (udiv.o):
    umod.o                    runtime/umod.s:8
udiv32by16r16 (udiv32by16r16.o):
    tgi_clippedline.o         tgi/tgi_clippedline.s:8
umul16x16r32 (umul16x16r32.o):
    tgi_clippedline.o         tgi/tgi_clippedline.s:8
umul16x16r32m (umul16x16r32.o):
    imul16x16r32.o            runtime/imul16x16r32.s:8
umul8x16r16 (umul8x16r24.o):
    tgi_gettextwidth.o        tgi/tgi_gettextwidth.s:11
umul8x16r24 (umul8x16r24.o):
    tgi_settextstyle.o        tgi/tgi_settextstyle.s:9
zerobss (zerobss.o):
    crt0.o                    lynx/crt0.s:22

